../ESP_Driver/esp.c:50:6:clearReceivedBuffer	8	static
../ESP_Driver/esp.c:32:6:sendData	8	static
../ESP_Driver/esp.c:41:6:showResponse	1136	static
../ESP_Driver/esp.c:58:6:checkAT	8	static
../ESP_Driver/esp.c:66:6:echoOff	8	static
../ESP_Driver/esp.c:74:6:resetEsp	8	static
../ESP_Driver/esp.c:82:6:verAT	8	static
../ESP_Driver/esp.c:90:6:setMacAddress	48	static
../ESP_Driver/esp.c:99:6:checkMac	8	static
../ESP_Driver/esp.c:107:6:connectWifi	120	static
../ESP_Driver/esp.c:130:6:disconnectWifi	8	static
../ESP_Driver/esp.c:139:6:connectMQTT	8	static
../ESP_Driver/esp.c:157:6:subMQTT	48	static
../ESP_Driver/esp.c:168:6:pubMQTT	48	static
../ESP_Driver/esp.c:179:6:unsubMQTT	48	static
../ESP_Driver/esp.c:190:6:queryMQTT	8	static
../ESP_Driver/esp.c:199:6:resetMQTT	8	static
../ESP_Driver/esp.c:208:6:createUDPServer	8	static
../ESP_Driver/esp.c:221:6:createTCPServer	8	static
../ESP_Driver/esp.c:237:6:sendResponse	368	static
../ESP_Driver/esp.c:257:6:okResponse	80	static
../ESP_Driver/esp.c:273:6:sendWebsite	72	static
../ESP_Driver/esp.c:288:6:sendUDPData	152	static
../ESP_Driver/esp.c:309:6:serverHandler	8	static
../ESP_Driver/esp.c:324:6:checkWifiState	8	static
../ESP_Driver/esp.c:332:6:checkIP	72	static
../ESP_Driver/esp.c:365:6:checkAPs	8	static
../ESP_Driver/esp.c:373:6:HAL_UART_RxCpltCallback	8	static
