../ESP_Driver/esp.c:43:6:clearReceivedBuffer	8	static
../ESP_Driver/esp.c:25:6:sendData	8	static
../ESP_Driver/esp.c:34:6:showResponse	1136	static
../ESP_Driver/esp.c:51:6:checkAT	8	static
../ESP_Driver/esp.c:59:6:echoOff	8	static
../ESP_Driver/esp.c:67:6:resetEsp	8	static
../ESP_Driver/esp.c:75:6:verAT	8	static
../ESP_Driver/esp.c:83:6:setMacAddress	48	static
../ESP_Driver/esp.c:92:6:checkMac	8	static
../ESP_Driver/esp.c:100:6:connectWifi	120	static
../ESP_Driver/esp.c:123:6:disconnectWifi	8	static
../ESP_Driver/esp.c:131:6:connectMQTT	8	static
../ESP_Driver/esp.c:149:6:subMQTT	48	static
../ESP_Driver/esp.c:160:6:pubMQTT	48	static
../ESP_Driver/esp.c:171:6:unsubMQTT	48	static
../ESP_Driver/esp.c:182:6:queryMQTT	8	static
../ESP_Driver/esp.c:191:6:resetMQTT	8	static
../ESP_Driver/esp.c:200:6:createUDPServer	8	static
../ESP_Driver/esp.c:213:6:createTCPServer	8	static
../ESP_Driver/esp.c:228:6:sendResponse	368	static
../ESP_Driver/esp.c:248:6:okResponse	80	static
../ESP_Driver/esp.c:264:6:sendWebsite	72	static
../ESP_Driver/esp.c:282:6:serverHandler	8	static
../ESP_Driver/esp.c:296:6:checkWifiState	8	static
../ESP_Driver/esp.c:304:6:checkIP	72	static
../ESP_Driver/esp.c:337:6:checkAPs	8	static
../ESP_Driver/esp.c:345:6:HAL_UART_RxCpltCallback	8	static
