../ESP_Driver/esp.c:48:6:clearReceivedBuffer	8	static
../ESP_Driver/esp.c:30:6:sendData	8	static
../ESP_Driver/esp.c:39:6:showResponse	1136	static
../ESP_Driver/esp.c:56:6:checkAT	8	static
../ESP_Driver/esp.c:64:6:echoOff	8	static
../ESP_Driver/esp.c:72:6:resetEsp	8	static
../ESP_Driver/esp.c:80:6:verAT	8	static
../ESP_Driver/esp.c:89:6:connectWifi	120	static
../ESP_Driver/esp.c:112:6:disconnectWifi	8	static
../ESP_Driver/esp.c:122:6:createUDPServer	8	static
../ESP_Driver/esp.c:135:6:createTCPServer	8	static
../ESP_Driver/esp.c:148:6:sendResponse	368	static
../ESP_Driver/esp.c:168:6:okResponse	80	static
../ESP_Driver/esp.c:184:6:sendWebsite	1152	static
../ESP_Driver/esp.c:227:6:sendUDPData	152	static
../ESP_Driver/esp.c:248:6:serverHandler	8	static
../ESP_Driver/esp.c:263:6:checkWifiState	8	static
../ESP_Driver/esp.c:271:6:checkIP	72	static
../ESP_Driver/esp.c:304:6:checkAPs	8	static
../ESP_Driver/esp.c:312:6:HAL_UART_RxCpltCallback	8	static
