../ESP_Driver/esp.c:34:6:clearReceivedBuffer	8	static
../ESP_Driver/esp.c:16:6:sendData	8	static
../ESP_Driver/esp.c:25:6:showResponse	2160	static
../ESP_Driver/esp.c:42:6:checkAT	8	static
../ESP_Driver/esp.c:50:6:echoOff	8	static
../ESP_Driver/esp.c:58:6:resetEsp	8	static
../ESP_Driver/esp.c:67:6:connectWifi	120	static
../ESP_Driver/esp.c:87:6:sendResponse	368	static
../ESP_Driver/esp.c:107:6:sendWebsite	64	static
../ESP_Driver/esp.c:145:6:serverHandler	8	static
../ESP_Driver/esp.c:197:6:checkWifiState	8	static
../ESP_Driver/esp.c:205:6:checkIP	40	static
../ESP_Driver/esp.c:232:6:checkAPs	8	static
../ESP_Driver/esp.c:240:6:HAL_UART_RxCpltCallback	8	static
