../ESP_Driver/esp.c:44:6:clearReceivedBuffer	8	static
../ESP_Driver/esp.c:26:6:sendData	8	static
../ESP_Driver/esp.c:35:6:showResponse	2160	static
../ESP_Driver/esp.c:52:6:checkAT	8	static
../ESP_Driver/esp.c:60:6:echoOff	8	static
../ESP_Driver/esp.c:68:6:resetEsp	8	static
../ESP_Driver/esp.c:77:6:connectWifi	120	static
../ESP_Driver/esp.c:97:6:sendResponse	368	static
../ESP_Driver/esp.c:117:6:sendWebsite	64	static
../ESP_Driver/esp.c:154:9:string_compare	16	static
../ESP_Driver/esp.c:168:5:string_contains	24	static
../ESP_Driver/esp.c:182:6:serverHandler	8	static
../ESP_Driver/esp.c:192:6:moveRight	8	static
../ESP_Driver/esp.c:198:6:moveLeft	8	static
../ESP_Driver/esp.c:205:6:moveForward	8	static
../ESP_Driver/esp.c:212:6:moveBackward	8	static
../ESP_Driver/esp.c:219:6:moveBackwardLeft	8	static
../ESP_Driver/esp.c:226:6:moveBackwardRight	8	static
../ESP_Driver/esp.c:233:6:moveForwardRight	8	static
../ESP_Driver/esp.c:240:6:moveForwardLeft	8	static
../ESP_Driver/esp.c:247:6:stopMovement	8	static
../ESP_Driver/esp.c:255:6:checkWifiState	8	static
../ESP_Driver/esp.c:263:6:checkIP	40	static
../ESP_Driver/esp.c:290:6:checkAPs	8	static
../ESP_Driver/esp.c:298:6:HAL_UART_RxCpltCallback	8	static
