../ESP_Driver/esp.c:52:6:clearReceivedBuffer	8	static
../ESP_Driver/esp.c:34:6:sendData	8	static
../ESP_Driver/esp.c:43:6:showResponse	1136	static
../ESP_Driver/esp.c:60:6:checkAT	8	static
../ESP_Driver/esp.c:68:6:echoOff	8	static
../ESP_Driver/esp.c:76:6:resetEsp	8	static
../ESP_Driver/esp.c:84:6:verAT	8	static
../ESP_Driver/esp.c:92:6:setMacAddress	48	static
../ESP_Driver/esp.c:101:6:checkMac	8	static
../ESP_Driver/esp.c:109:6:connectWifi	120	static
../ESP_Driver/esp.c:132:6:disconnectWifi	8	static
../ESP_Driver/esp.c:141:6:connectMQTT	8	static
../ESP_Driver/esp.c:159:6:subMQTT	48	static
../ESP_Driver/esp.c:170:6:pubMQTT	48	static
../ESP_Driver/esp.c:181:6:unsubMQTT	48	static
../ESP_Driver/esp.c:192:6:queryMQTT	8	static
../ESP_Driver/esp.c:201:6:resetMQTT	8	static
../ESP_Driver/esp.c:210:6:createUDPServer	8	static
../ESP_Driver/esp.c:223:6:createTCPServer	8	static
../ESP_Driver/esp.c:239:6:sendResponse	368	static
../ESP_Driver/esp.c:259:6:okResponse	80	static
../ESP_Driver/esp.c:275:6:sendWebsite	72	static
../ESP_Driver/esp.c:290:6:sendUDPData	144	static
../ESP_Driver/esp.c:310:6:serverHandler	8	static
../ESP_Driver/esp.c:325:6:checkWifiState	8	static
../ESP_Driver/esp.c:333:6:checkIP	72	static
../ESP_Driver/esp.c:366:6:checkAPs	8	static
../ESP_Driver/esp.c:374:6:HAL_UART_RxCpltCallback	8	static
