../ESP_Driver/esp.c:44:6:clearReceivedBuffer	8	static
../ESP_Driver/esp.c:26:6:sendData	8	static
../ESP_Driver/esp.c:35:6:showResponse	624	static
../ESP_Driver/esp.c:52:6:checkAT	8	static
../ESP_Driver/esp.c:60:6:echoOff	8	static
../ESP_Driver/esp.c:68:6:resetEsp	8	static
../ESP_Driver/esp.c:77:6:connectWifi	120	static
../ESP_Driver/esp.c:96:6:sendResponse	368	static
../ESP_Driver/esp.c:115:6:testResponse	80	static
../ESP_Driver/esp.c:129:6:sendWebsite	64	static
../ESP_Driver/esp.c:145:6:serverHandler	8	static
../ESP_Driver/esp.c:162:6:moveRight	8	static
../ESP_Driver/esp.c:170:6:moveLeft	8	static
../ESP_Driver/esp.c:179:6:moveForward	8	static
../ESP_Driver/esp.c:185:6:moveBackward	8	static
../ESP_Driver/esp.c:191:6:moveBackwardLeft	8	static
../ESP_Driver/esp.c:199:6:moveBackwardRight	8	static
../ESP_Driver/esp.c:207:6:moveForwardRight	8	static
../ESP_Driver/esp.c:215:6:moveForwardLeft	8	static
../ESP_Driver/esp.c:224:6:stopMovement	8	static
../ESP_Driver/esp.c:234:6:checkWifiState	8	static
../ESP_Driver/esp.c:242:6:checkIP	72	static
../ESP_Driver/esp.c:275:6:checkAPs	8	static
../ESP_Driver/esp.c:283:6:HAL_UART_RxCpltCallback	8	static
