../ESP_Driver/esp.c:44:6:clearReceivedBuffer	8	static
../ESP_Driver/esp.c:26:6:sendData	8	static
../ESP_Driver/esp.c:35:6:showResponse	1136	static
../ESP_Driver/esp.c:52:6:checkAT	8	static
../ESP_Driver/esp.c:60:6:echoOff	8	static
../ESP_Driver/esp.c:68:6:resetEsp	8	static
../ESP_Driver/esp.c:76:6:verAT	8	static
../ESP_Driver/esp.c:84:6:setMacAddress	48	static
../ESP_Driver/esp.c:93:6:checkMac	8	static
../ESP_Driver/esp.c:101:6:connectWifi	120	static
../ESP_Driver/esp.c:124:6:disconnectWifi	8	static
../ESP_Driver/esp.c:133:6:connectMQTT	8	static
../ESP_Driver/esp.c:151:6:subMQTT	48	static
../ESP_Driver/esp.c:162:6:pubMQTT	48	static
../ESP_Driver/esp.c:173:6:unsubMQTT	48	static
../ESP_Driver/esp.c:184:6:queryMQTT	8	static
../ESP_Driver/esp.c:193:6:resetMQTT	8	static
../ESP_Driver/esp.c:202:6:createUDPServer	8	static
../ESP_Driver/esp.c:215:6:createTCPServer	8	static
../ESP_Driver/esp.c:231:6:sendResponse	368	static
../ESP_Driver/esp.c:251:6:okResponse	80	static
../ESP_Driver/esp.c:267:6:sendWebsite	72	static
../ESP_Driver/esp.c:282:6:sendUDPData	144	static
../ESP_Driver/esp.c:302:6:serverHandler	8	static
../ESP_Driver/esp.c:317:6:checkWifiState	8	static
../ESP_Driver/esp.c:325:6:checkIP	72	static
../ESP_Driver/esp.c:358:6:checkAPs	8	static
../ESP_Driver/esp.c:366:6:HAL_UART_RxCpltCallback	8	static
