../ESP_Driver/esp.c:36:6:clearReceivedBuffer	8	static
../ESP_Driver/esp.c:18:6:sendData	8	static
../ESP_Driver/esp.c:27:6:showResponse	2160	static
../ESP_Driver/esp.c:44:6:checkAT	8	static
../ESP_Driver/esp.c:52:6:echoOff	8	static
../ESP_Driver/esp.c:60:6:resetEsp	8	static
../ESP_Driver/esp.c:69:6:connectWifi	120	static
../ESP_Driver/esp.c:89:6:sendResponse	368	static
../ESP_Driver/esp.c:109:6:sendWebsite	64	static
../ESP_Driver/esp.c:147:6:serverHandler	8	static
../ESP_Driver/esp.c:200:6:checkWifiState	8	static
../ESP_Driver/esp.c:208:6:checkIP	40	static
../ESP_Driver/esp.c:235:6:checkAPs	8	static
../ESP_Driver/esp.c:243:6:HAL_UART_RxCpltCallback	8	static
