../ESP_Driver/esp.c:43:6:clearReceivedBuffer	8	static
../ESP_Driver/esp.c:25:6:sendData	8	static
../ESP_Driver/esp.c:34:6:showResponse	1136	static
../ESP_Driver/esp.c:51:6:checkAT	8	static
../ESP_Driver/esp.c:59:6:echoOff	8	static
../ESP_Driver/esp.c:67:6:resetEsp	8	static
../ESP_Driver/esp.c:75:6:verAT	8	static
../ESP_Driver/esp.c:83:6:setMacAddress	48	static
../ESP_Driver/esp.c:92:6:checkMac	8	static
../ESP_Driver/esp.c:100:6:connectWifi	120	static
../ESP_Driver/esp.c:123:6:disconnectWifi	8	static
../ESP_Driver/esp.c:131:6:connectMQTT	8	static
../ESP_Driver/esp.c:149:6:subMQTT	48	static
../ESP_Driver/esp.c:160:6:pubMQTT	48	static
../ESP_Driver/esp.c:171:6:unsubMQTT	48	static
../ESP_Driver/esp.c:182:6:queryMQTT	8	static
../ESP_Driver/esp.c:191:6:resetMQTT	8	static
../ESP_Driver/esp.c:200:6:createUDPServer	8	static
../ESP_Driver/esp.c:213:6:createTCPServer	8	static
../ESP_Driver/esp.c:228:6:sendResponse	368	static
../ESP_Driver/esp.c:248:6:okResponse	80	static
../ESP_Driver/esp.c:262:6:setHTMLFile	8	static
../ESP_Driver/esp.c:272:6:sendWebsite	72	static
../ESP_Driver/esp.c:290:6:serverHandler	8	static
../ESP_Driver/esp.c:302:6:moveRight	8	static
../ESP_Driver/esp.c:310:6:moveLeft	8	static
../ESP_Driver/esp.c:319:6:moveForward	8	static
../ESP_Driver/esp.c:325:6:moveBackward	8	static
../ESP_Driver/esp.c:331:6:moveBackwardLeft	8	static
../ESP_Driver/esp.c:339:6:moveBackwardRight	8	static
../ESP_Driver/esp.c:347:6:moveForwardRight	8	static
../ESP_Driver/esp.c:355:6:moveForwardLeft	8	static
../ESP_Driver/esp.c:364:6:stopMovement	8	static
../ESP_Driver/esp.c:374:6:checkWifiState	8	static
../ESP_Driver/esp.c:382:6:checkIP	72	static
../ESP_Driver/esp.c:415:6:checkAPs	8	static
../ESP_Driver/esp.c:423:6:HAL_UART_RxCpltCallback	8	static
