../LCD/lvgl/lvgl-v8.3/src/extra/widgets/spinbox/lv_spinbox.c:443:13:lv_spinbox_updatevalue	64	static
../LCD/lvgl/lvgl-v8.3/src/extra/widgets/spinbox/lv_spinbox.c:320:13:lv_spinbox_constructor	16	static
../LCD/lvgl/lvgl-v8.3/src/extra/widgets/spinbox/lv_spinbox.c:50:12:lv_spinbox_create	8	static
../LCD/lvgl/lvgl-v8.3/src/extra/widgets/spinbox/lv_spinbox.c:67:6:lv_spinbox_set_value	8	static
../LCD/lvgl/lvgl-v8.3/src/extra/widgets/spinbox/lv_spinbox.c:85:6:lv_spinbox_set_rollover	0	static
../LCD/lvgl/lvgl-v8.3/src/extra/widgets/spinbox/lv_spinbox.c:100:6:lv_spinbox_set_digit_format	16	static
../LCD/lvgl/lvgl-v8.3/src/extra/widgets/spinbox/lv_spinbox.c:126:6:lv_spinbox_set_step	8	static
../LCD/lvgl/lvgl-v8.3/src/extra/widgets/spinbox/lv_spinbox.c:141:6:lv_spinbox_set_range	8	static
../LCD/lvgl/lvgl-v8.3/src/extra/widgets/spinbox/lv_spinbox.c:160:6:lv_spinbox_set_cursor_pos	24	static
../LCD/lvgl/lvgl-v8.3/src/extra/widgets/spinbox/lv_spinbox.c:178:6:lv_spinbox_set_digit_step_direction	8	static
../LCD/lvgl/lvgl-v8.3/src/extra/widgets/spinbox/lv_spinbox.c:195:9:lv_spinbox_get_value	0	static
../LCD/lvgl/lvgl-v8.3/src/extra/widgets/spinbox/lv_spinbox.c:207:9:lv_spinbox_get_step	0	static
../LCD/lvgl/lvgl-v8.3/src/extra/widgets/spinbox/lv_spinbox.c:223:6:lv_spinbox_step_next	8	static
../LCD/lvgl/lvgl-v8.3/src/extra/widgets/spinbox/lv_spinbox.c:241:6:lv_spinbox_step_prev	8	static
../LCD/lvgl/lvgl-v8.3/src/extra/widgets/spinbox/lv_spinbox.c:257:6:lv_spinbox_get_rollover	0	static
../LCD/lvgl/lvgl-v8.3/src/extra/widgets/spinbox/lv_spinbox.c:269:6:lv_spinbox_increment	8	static
../LCD/lvgl/lvgl-v8.3/src/extra/widgets/spinbox/lv_spinbox.c:295:6:lv_spinbox_decrement	8	static
../LCD/lvgl/lvgl-v8.3/src/extra/widgets/spinbox/lv_spinbox.c:345:13:lv_spinbox_event	16	static
