../LCD/lvgl/lvgl-v8.3/src/extra/widgets/win/lv_win.c:92:13:lv_win_constructor	16	static
../LCD/lvgl/lvgl-v8.3/src/extra/widgets/win/lv_win.c:45:12:lv_win_create	8	static
../LCD/lvgl/lvgl-v8.3/src/extra/widgets/win/lv_win.c:78:12:lv_win_get_header	8	static
../LCD/lvgl/lvgl-v8.3/src/extra/widgets/win/lv_win.c:55:12:lv_win_add_title	16	static
../LCD/lvgl/lvgl-v8.3/src/extra/widgets/win/lv_win.c:65:12:lv_win_add_btn	16	static
../LCD/lvgl/lvgl-v8.3/src/extra/widgets/win/lv_win.c:83:12:lv_win_get_content	8	static
