../LCD/lvgl/lvgl-v8.3/src/extra/widgets/animimg/lv_animimg.c:110:13:lv_animimg_constructor	16	static
../LCD/lvgl/lvgl-v8.3/src/extra/widgets/animimg/lv_animimg.c:128:13:index_change	8	static
../LCD/lvgl/lvgl-v8.3/src/extra/widgets/animimg/lv_animimg.c:59:12:lv_animimg_create	8	static
../LCD/lvgl/lvgl-v8.3/src/extra/widgets/animimg/lv_animimg.c:67:6:lv_animimg_set_src	0	static
../LCD/lvgl/lvgl-v8.3/src/extra/widgets/animimg/lv_animimg.c:76:6:lv_animimg_start	8	static
../LCD/lvgl/lvgl-v8.3/src/extra/widgets/animimg/lv_animimg.c:87:6:lv_animimg_set_duration	0	static
../LCD/lvgl/lvgl-v8.3/src/extra/widgets/animimg/lv_animimg.c:95:6:lv_animimg_set_repeat_count	0	static
