17:47:55 **** Incremental Build of configuration Debug for project Project ****
make -j16 all 
arm-none-eabi-gcc "../Core/Src/main.c" -mcpu=cortex-m3 -std=gnu11 -g3 -DDEBUG -DUSE_HAL_DRIVER -DSTM32F103xE -c -I../Core/Inc -I../Drivers/STM32F1xx_HAL_Driver/Inc -I../Drivers/STM32F1xx_HAL_Driver/Inc/Legacy -I../Drivers/CMSIS/Device/ST/STM32F1xx/Include -I../Drivers/CMSIS/Include -I"/home/jamesyoung/Documents/School/ELEC3300-Project/Project/LCD" -I"/home/jamesyoung/Documents/School/ELEC3300-Project/Project/ESP_Driver" -I"/home/jamesyoung/Documents/School/ELEC3300-Project/Project/Motor_Control" -I"/home/jamesyoung/Documents/School/ELEC3300-Project/Project/UltraSonic_Sensors" -O1 -ffunction-sections -fdata-sections -Wall -fdata-sections -fstack-usage -fcyclomatic-complexity -MMD -MP -MF"Core/Src/main.d" -MT"Core/Src/main.o" --specs=nano.specs -mfloat-abi=soft -mthumb -o "Core/Src/main.o"
arm-none-eabi-gcc -o "Project.elf" @"objects.list"   -mcpu=cortex-m3 -T"/home/jamesyoung/Documents/School/ELEC3300-Project/Project/STM32F103VETX_FLASH.ld" --specs=nosys.specs -Wl,-Map="Project.map" -Wl,--gc-sections -static -u _printf_float --specs=nano.specs -mfloat-abi=soft -mthumb -Wl,--start-group -lc -lm -Wl,--end-group
Finished building target: Project.elf
 
arm-none-eabi-size   Project.elf 
arm-none-eabi-objdump -h -S  Project.elf  > "Project.list"
   text	   data	    bss	    dec	    hex	filename
 247612	    912	  51512	 300036	  49404	Project.elf
Finished building: default.size.stdout
 
Finished building: Project.list
 
17:56:55 **** Incremental Build of configuration Debug for project Project ****
make -j16 all 
arm-none-eabi-gcc "../ESP_Driver/esp.c" -mcpu=cortex-m3 -std=gnu11 -g3 -DDEBUG -DUSE_HAL_DRIVER -DSTM32F103xE -c -I../Core/Inc -I../Drivers/STM32F1xx_HAL_Driver/Inc -I../Drivers/STM32F1xx_HAL_Driver/Inc/Legacy -I../Drivers/CMSIS/Device/ST/STM32F1xx/Include -I../Drivers/CMSIS/Include -I"/home/jamesyoung/Documents/School/ELEC3300-Project/Project/LCD" -I"/home/jamesyoung/Documents/School/ELEC3300-Project/Project/ESP_Driver" -I"/home/jamesyoung/Documents/School/ELEC3300-Project/Project/Motor_Control" -I"/home/jamesyoung/Documents/School/ELEC3300-Project/Project/UltraSonic_Sensors" -O1 -ffunction-sections -fdata-sections -Wall -fdata-sections -fstack-usage -fcyclomatic-complexity -MMD -MP -MF"ESP_Driver/esp.d" -MT"ESP_Driver/esp.o" --specs=nano.specs -mfloat-abi=soft -mthumb -o "ESP_Driver/esp.o"
arm-none-eabi-gcc -o "Project.elf" @"objects.list"   -mcpu=cortex-m3 -T"/home/jamesyoung/Documents/School/ELEC3300-Project/Project/STM32F103VETX_FLASH.ld" --specs=nosys.specs -Wl,-Map="Project.map" -Wl,--gc-sections -static -u _printf_float --specs=nano.specs -mfloat-abi=soft -mthumb -Wl,--start-group -lc -lm -Wl,--end-group
Finished building target: Project.elf
 
arm-none-eabi-size   Project.elf 
arm-none-eabi-objdump -h -S  Project.elf  > "Project.list"
   text	   data	    bss	    dec	    hex	filename
 247620	    912	  51512	 300044	  4940c	Project.elf
Finished building: default.size.stdout
 
Finished building: Project.list
 
17:57:24 **** Incremental Build of configuration Debug for project Project ****
make -j16 all 
arm-none-eabi-gcc "../Core/Src/main.c" -mcpu=cortex-m3 -std=gnu11 -g3 -DDEBUG -DUSE_HAL_DRIVER -DSTM32F103xE -c -I../Core/Inc -I../Drivers/STM32F1xx_HAL_Driver/Inc -I../Drivers/STM32F1xx_HAL_Driver/Inc/Legacy -I../Drivers/CMSIS/Device/ST/STM32F1xx/Include -I../Drivers/CMSIS/Include -I"/home/jamesyoung/Documents/School/ELEC3300-Project/Project/LCD" -I"/home/jamesyoung/Documents/School/ELEC3300-Project/Project/ESP_Driver" -I"/home/jamesyoung/Documents/School/ELEC3300-Project/Project/Motor_Control" -I"/home/jamesyoung/Documents/School/ELEC3300-Project/Project/UltraSonic_Sensors" -O1 -ffunction-sections -fdata-sections -Wall -fdata-sections -fstack-usage -fcyclomatic-complexity -MMD -MP -MF"Core/Src/main.d" -MT"Core/Src/main.o" --specs=nano.specs -mfloat-abi=soft -mthumb -o "Core/Src/main.o"
arm-none-eabi-gcc -o "Project.elf" @"objects.list"   -mcpu=cortex-m3 -T"/home/jamesyoung/Documents/School/ELEC3300-Project/Project/STM32F103VETX_FLASH.ld" --specs=nosys.specs -Wl,-Map="Project.map" -Wl,--gc-sections -static -u _printf_float --specs=nano.specs -mfloat-abi=soft -mthumb -Wl,--start-group -lc -lm -Wl,--end-group
Finished building target: Project.elf
 
arm-none-eabi-size   Project.elf 
arm-none-eabi-objdump -h -S  Project.elf  > "Project.list"
   text	   data	    bss	    dec	    hex	filename
 247620	    912	  51512	 300044	  4940c	Project.elf
Finished building: default.size.stdout
 
Finished building: Project.list
 
18:02:53 **** Incremental Build of configuration Debug for project Project ****
make -j16 all 
arm-none-eabi-gcc "../ESP_Driver/esp.c" -mcpu=cortex-m3 -std=gnu11 -g3 -DDEBUG -DUSE_HAL_DRIVER -DSTM32F103xE -c -I../Core/Inc -I../Drivers/STM32F1xx_HAL_Driver/Inc -I../Drivers/STM32F1xx_HAL_Driver/Inc/Legacy -I../Drivers/CMSIS/Device/ST/STM32F1xx/Include -I../Drivers/CMSIS/Include -I"/home/jamesyoung/Documents/School/ELEC3300-Project/Project/LCD" -I"/home/jamesyoung/Documents/School/ELEC3300-Project/Project/ESP_Driver" -I"/home/jamesyoung/Documents/School/ELEC3300-Project/Project/Motor_Control" -I"/home/jamesyoung/Documents/School/ELEC3300-Project/Project/UltraSonic_Sensors" -O1 -ffunction-sections -fdata-sections -Wall -fdata-sections -fstack-usage -fcyclomatic-complexity -MMD -MP -MF"ESP_Driver/esp.d" -MT"ESP_Driver/esp.o" --specs=nano.specs -mfloat-abi=soft -mthumb -o "ESP_Driver/esp.o"
../ESP_Driver/esp.c: In function 'sendWebsite':
../ESP_Driver/esp.c:214:455: warning: format '%s' expects argument of type 'char *', but argument 4 has type 'double' [-Wformat=]
  214 |  sprintf(website,"<!DOCTYPE html> <html data-theme=\"dark\"> <head> <meta name=\"viewport\" content=\"width=device-width, initial-scale=1.0\"> <link rel=\"stylesheet\" href=\"https://cdn.jsdelivr.net/npm/@picocss/pico@1/css/pico.min.css\"> </head> <body> <h1 style=\"text-align: center;\">Robot Info</h1> <table role=\"grid\"> <thead> <tr> <th scope=\"col\">IP Address</th> <th scope=\"col\">Temperature</th> </tr> </thead> <tbody> <tr> <td>%s</td> <td>%s ??C</td> </tr> </tbody> </table> </body> </html>",temp,getTemperatureData());
      |                                                                                                                                                                                                                                                                                                                                                                                                                                                                      ~^                                                       ~~~~~~~~~~~~~~~~~~~~
      |                                                                                                                                                                                                                                                                                                                                                                                                                                                                       |                                                       |
      |                                                                                                                                                                                                                                                                                                                                                                                                                                                                       char *                                                  double
      |                                                                                                                                                                                                                                                                                                                                                                                                                                                                      %f
arm-none-eabi-gcc -o "Project.elf" @"objects.list"   -mcpu=cortex-m3 -T"/home/jamesyoung/Documents/School/ELEC3300-Project/Project/STM32F103VETX_FLASH.ld" --specs=nosys.specs -Wl,-Map="Project.map" -Wl,--gc-sections -static -u _printf_float --specs=nano.specs -mfloat-abi=soft -mthumb -Wl,--start-group -lc -lm -Wl,--end-group
Finished building target: Project.elf
 
arm-none-eabi-size   Project.elf 
arm-none-eabi-objdump -h -S  Project.elf  > "Project.list"
   text	   data	    bss	    dec	    hex	filename
 247668	    912	  51512	 300092	  4943c	Project.elf
Finished building: default.size.stdout
 
Finished building: Project.list
 
18:03:15 **** Incremental Build of configuration Debug for project Project ****
make -j16 all 
arm-none-eabi-gcc "../ESP_Driver/esp.c" -mcpu=cortex-m3 -std=gnu11 -g3 -DDEBUG -DUSE_HAL_DRIVER -DSTM32F103xE -c -I../Core/Inc -I../Drivers/STM32F1xx_HAL_Driver/Inc -I../Drivers/STM32F1xx_HAL_Driver/Inc/Legacy -I../Drivers/CMSIS/Device/ST/STM32F1xx/Include -I../Drivers/CMSIS/Include -I"/home/jamesyoung/Documents/School/ELEC3300-Project/Project/LCD" -I"/home/jamesyoung/Documents/School/ELEC3300-Project/Project/ESP_Driver" -I"/home/jamesyoung/Documents/School/ELEC3300-Project/Project/Motor_Control" -I"/home/jamesyoung/Documents/School/ELEC3300-Project/Project/UltraSonic_Sensors" -O1 -ffunction-sections -fdata-sections -Wall -fdata-sections -fstack-usage -fcyclomatic-complexity -MMD -MP -MF"ESP_Driver/esp.d" -MT"ESP_Driver/esp.o" --specs=nano.specs -mfloat-abi=soft -mthumb -o "ESP_Driver/esp.o"
arm-none-eabi-gcc -o "Project.elf" @"objects.list"   -mcpu=cortex-m3 -T"/home/jamesyoung/Documents/School/ELEC3300-Project/Project/STM32F103VETX_FLASH.ld" --specs=nosys.specs -Wl,-Map="Project.map" -Wl,--gc-sections -static -u _printf_float --specs=nano.specs -mfloat-abi=soft -mthumb -Wl,--start-group -lc -lm -Wl,--end-group
Finished building target: Project.elf
 
arm-none-eabi-size   Project.elf 
arm-none-eabi-objdump -h -S  Project.elf  > "Project.list"
   text	   data	    bss	    dec	    hex	filename
 247668	    912	  51512	 300092	  4943c	Project.elf
Finished building: default.size.stdout
 
Finished building: Project.list
 
18:11:30 **** Incremental Build of configuration Debug for project Project ****
make -j16 all 
arm-none-eabi-gcc "../UltraSonic_Sensors/lm35.c" -mcpu=cortex-m3 -std=gnu11 -g3 -DDEBUG -DUSE_HAL_DRIVER -DSTM32F103xE -c -I../Core/Inc -I../Drivers/STM32F1xx_HAL_Driver/Inc -I../Drivers/STM32F1xx_HAL_Driver/Inc/Legacy -I../Drivers/CMSIS/Device/ST/STM32F1xx/Include -I../Drivers/CMSIS/Include -I"/home/jamesyoung/Documents/School/ELEC3300-Project/Project/LCD" -I"/home/jamesyoung/Documents/School/ELEC3300-Project/Project/ESP_Driver" -I"/home/jamesyoung/Documents/School/ELEC3300-Project/Project/Motor_Control" -I"/home/jamesyoung/Documents/School/ELEC3300-Project/Project/UltraSonic_Sensors" -O1 -ffunction-sections -fdata-sections -Wall -fdata-sections -fstack-usage -fcyclomatic-complexity -MMD -MP -MF"UltraSonic_Sensors/lm35.d" -MT"UltraSonic_Sensors/lm35.o" --specs=nano.specs -mfloat-abi=soft -mthumb -o "UltraSonic_Sensors/lm35.o"
arm-none-eabi-gcc "../ESP_Driver/esp.c" -mcpu=cortex-m3 -std=gnu11 -g3 -DDEBUG -DUSE_HAL_DRIVER -DSTM32F103xE -c -I../Core/Inc -I../Drivers/STM32F1xx_HAL_Driver/Inc -I../Drivers/STM32F1xx_HAL_Driver/Inc/Legacy -I../Drivers/CMSIS/Device/ST/STM32F1xx/Include -I../Drivers/CMSIS/Include -I"/home/jamesyoung/Documents/School/ELEC3300-Project/Project/LCD" -I"/home/jamesyoung/Documents/School/ELEC3300-Project/Project/ESP_Driver" -I"/home/jamesyoung/Documents/School/ELEC3300-Project/Project/Motor_Control" -I"/home/jamesyoung/Documents/School/ELEC3300-Project/Project/UltraSonic_Sensors" -O1 -ffunction-sections -fdata-sections -Wall -fdata-sections -fstack-usage -fcyclomatic-complexity -MMD -MP -MF"ESP_Driver/esp.d" -MT"ESP_Driver/esp.o" --specs=nano.specs -mfloat-abi=soft -mthumb -o "ESP_Driver/esp.o"
arm-none-eabi-gcc -o "Project.elf" @"objects.list"   -mcpu=cortex-m3 -T"/home/jamesyoung/Documents/School/ELEC3300-Project/Project/STM32F103VETX_FLASH.ld" --specs=nosys.specs -Wl,-Map="Project.map" -Wl,--gc-sections -static -u _printf_float --specs=nano.specs -mfloat-abi=soft -mthumb -Wl,--start-group -lc -lm -Wl,--end-group
Finished building target: Project.elf
 
arm-none-eabi-size   Project.elf 
arm-none-eabi-objdump -h -S  Project.elf  > "Project.list"
   text	   data	    bss	    dec	    hex	filename
 247860	    912	  51512	 300284	  494fc	Project.elf
Finished building: default.size.stdout
 
Finished building: Project.list
 
18:30:25 **** Build of configuration Debug for project Project ****
make -j16 all 
arm-none-eabi-gcc "../UltraSonic_Sensors/HC_SR04.c" -mcpu=cortex-m3 -std=gnu11 -g3 -DDEBUG -DUSE_HAL_DRIVER -DSTM32F103xE -c -I../Core/Inc -I../Drivers/STM32F1xx_HAL_Driver/Inc -I../Drivers/STM32F1xx_HAL_Driver/Inc/Legacy -I../Drivers/CMSIS/Device/ST/STM32F1xx/Include -I../Drivers/CMSIS/Include -I"/home/jamesyoung/Documents/School/ELEC3300-Project/Project/LCD" -I"/home/jamesyoung/Documents/School/ELEC3300-Project/Project/ESP_Driver" -I"/home/jamesyoung/Documents/School/ELEC3300-Project/Project/Motor_Control" -I"/home/jamesyoung/Documents/School/ELEC3300-Project/Project/UltraSonic_Sensors" -O1 -ffunction-sections -fdata-sections -Wall -fdata-sections -fstack-usage -fcyclomatic-complexity -MMD -MP -MF"UltraSonic_Sensors/HC_SR04.d" -MT"UltraSonic_Sensors/HC_SR04.o" --specs=nano.specs -mfloat-abi=soft -mthumb -o "UltraSonic_Sensors/HC_SR04.o"
arm-none-eabi-gcc "../UltraSonic_Sensors/lm35.c" -mcpu=cortex-m3 -std=gnu11 -g3 -DDEBUG -DUSE_HAL_DRIVER -DSTM32F103xE -c -I../Core/Inc -I../Drivers/STM32F1xx_HAL_Driver/Inc -I../Drivers/STM32F1xx_HAL_Driver/Inc/Legacy -I../Drivers/CMSIS/Device/ST/STM32F1xx/Include -I../Drivers/CMSIS/Include -I"/home/jamesyoung/Documents/School/ELEC3300-Project/Project/LCD" -I"/home/jamesyoung/Documents/School/ELEC3300-Project/Project/ESP_Driver" -I"/home/jamesyoung/Documents/School/ELEC3300-Project/Project/Motor_Control" -I"/home/jamesyoung/Documents/School/ELEC3300-Project/Project/UltraSonic_Sensors" -O1 -ffunction-sections -fdata-sections -Wall -fdata-sections -fstack-usage -fcyclomatic-complexity -MMD -MP -MF"UltraSonic_Sensors/lm35.d" -MT"UltraSonic_Sensors/lm35.o" --specs=nano.specs -mfloat-abi=soft -mthumb -o "UltraSonic_Sensors/lm35.o"
arm-none-eabi-gcc "../Core/Src/main.c" -mcpu=cortex-m3 -std=gnu11 -g3 -DDEBUG -DUSE_HAL_DRIVER -DSTM32F103xE -c -I../Core/Inc -I../Drivers/STM32F1xx_HAL_Driver/Inc -I../Drivers/STM32F1xx_HAL_Driver/Inc/Legacy -I../Drivers/CMSIS/Device/ST/STM32F1xx/Include -I../Drivers/CMSIS/Include -I"/home/jamesyoung/Documents/School/ELEC3300-Project/Project/LCD" -I"/home/jamesyoung/Documents/School/ELEC3300-Project/Project/ESP_Driver" -I"/home/jamesyoung/Documents/School/ELEC3300-Project/Project/Motor_Control" -I"/home/jamesyoung/Documents/School/ELEC3300-Project/Project/UltraSonic_Sensors" -O1 -ffunction-sections -fdata-sections -Wall -fdata-sections -fstack-usage -fcyclomatic-complexity -MMD -MP -MF"Core/Src/main.d" -MT"Core/Src/main.o" --specs=nano.specs -mfloat-abi=soft -mthumb -o "Core/Src/main.o"
arm-none-eabi-gcc -o "Project.elf" @"objects.list"   -mcpu=cortex-m3 -T"/home/jamesyoung/Documents/School/ELEC3300-Project/Project/STM32F103VETX_FLASH.ld" --specs=nosys.specs -Wl,-Map="Project.map" -Wl,--gc-sections -static -u _printf_float --specs=nano.specs -mfloat-abi=soft -mthumb -Wl,--start-group -lc -lm -Wl,--end-group
Finished building target: Project.elf
 
arm-none-eabi-size   Project.elf 
arm-none-eabi-objdump -h -S  Project.elf  > "Project.list"
   text	   data	    bss	    dec	    hex	filename
 247916	    912	  51512	 300340	  49534	Project.elf
Finished building: default.size.stdout
 
Finished building: Project.list
 
18:33:46 **** Incremental Build of configuration Debug for project Project ****
make -j16 all 
arm-none-eabi-size   Project.elf 
   text	   data	    bss	    dec	    hex	filename
 247916	    912	  51512	 300340	  49534	Project.elf
Finished building: default.size.stdout
 
