10:08:01 **** Incremental Build of configuration Debug for project Project ****
make -j16 all 
arm-none-eabi-gcc "../Core/Src/main.c" -mcpu=cortex-m3 -std=gnu11 -g3 -DDEBUG -DUSE_HAL_DRIVER -DSTM32F103xE -c -I../Core/Inc -I../Drivers/STM32F1xx_HAL_Driver/Inc -I../Drivers/STM32F1xx_HAL_Driver/Inc/Legacy -I../Drivers/CMSIS/Device/ST/STM32F1xx/Include -I../Drivers/CMSIS/Include -I"/home/jamesyoung/Documents/School/ELEC3300-Project/Project/LCD" -I"/home/jamesyoung/Documents/School/ELEC3300-Project/Project/ESP_Driver" -O1 -ffunction-sections -fdata-sections -Wall -fdata-sections -fstack-usage -MMD -MP -MF"Core/Src/main.d" -MT"Core/Src/main.o" --specs=nano.specs -mfloat-abi=soft -mthumb -o "Core/Src/main.o"
arm-none-eabi-gcc -o "Project.elf" @"objects.list"   -mcpu=cortex-m3 -T"/home/jamesyoung/Documents/School/ELEC3300-Project/Project/STM32F103VETX_FLASH.ld" --specs=nosys.specs -Wl,-Map="Project.map" -Wl,--gc-sections -static --specs=nano.specs -mfloat-abi=soft -mthumb -Wl,--start-group -lc -lm -Wl,--end-group
Finished building target: Project.elf
 
arm-none-eabi-size   Project.elf 
arm-none-eabi-objdump -h -S  Project.elf  > "Project.list"
   text	   data	    bss	    dec	    hex	filename
 228744	   2516	  51308	 282568	  44fc8	Project.elf
Finished building: default.size.stdout
 
Finished building: Project.list
 
10:08:07 **** Incremental Build of configuration Debug for project Project ****
make -j16 all 
arm-none-eabi-size   Project.elf 
   text	   data	    bss	    dec	    hex	filename
 228744	   2516	  51308	 282568	  44fc8	Project.elf
Finished building: default.size.stdout
 
10:09:52 **** Incremental Build of configuration Debug for project Project ****
make -j16 all 
arm-none-eabi-gcc "../Core/Src/main.c" -mcpu=cortex-m3 -std=gnu11 -g3 -DDEBUG -DUSE_HAL_DRIVER -DSTM32F103xE -c -I../Core/Inc -I../Drivers/STM32F1xx_HAL_Driver/Inc -I../Drivers/STM32F1xx_HAL_Driver/Inc/Legacy -I../Drivers/CMSIS/Device/ST/STM32F1xx/Include -I../Drivers/CMSIS/Include -I"/home/jamesyoung/Documents/School/ELEC3300-Project/Project/LCD" -I"/home/jamesyoung/Documents/School/ELEC3300-Project/Project/ESP_Driver" -O1 -ffunction-sections -fdata-sections -Wall -fdata-sections -fstack-usage -MMD -MP -MF"Core/Src/main.d" -MT"Core/Src/main.o" --specs=nano.specs -mfloat-abi=soft -mthumb -o "Core/Src/main.o"
../Core/Src/main.c: In function 'main':
../Core/Src/main.c:199:89: error: 'front_middle' undeclared (first use in this function)
  199 |    sprintf(sensorData,"Sensor Front Mid: %lu\nSensor Front L: %lu\nSensor Front R: %lu",front_middle,left_sensor,right_sensor);
      |                                                                                         ^~~~~~~~~~~~
../Core/Src/main.c:199:89: note: each undeclared identifier is reported only once for each function it appears in
make: *** [Core/Src/subdir.mk:34: Core/Src/main.o] Error 1
"make -j16 all" terminated with exit code 2. Build might be incomplete.
10:10:06 **** Incremental Build of configuration Debug for project Project ****
make -j16 all 
arm-none-eabi-gcc "../Core/Src/main.c" -mcpu=cortex-m3 -std=gnu11 -g3 -DDEBUG -DUSE_HAL_DRIVER -DSTM32F103xE -c -I../Core/Inc -I../Drivers/STM32F1xx_HAL_Driver/Inc -I../Drivers/STM32F1xx_HAL_Driver/Inc/Legacy -I../Drivers/CMSIS/Device/ST/STM32F1xx/Include -I../Drivers/CMSIS/Include -I"/home/jamesyoung/Documents/School/ELEC3300-Project/Project/LCD" -I"/home/jamesyoung/Documents/School/ELEC3300-Project/Project/ESP_Driver" -O1 -ffunction-sections -fdata-sections -Wall -fdata-sections -fstack-usage -MMD -MP -MF"Core/Src/main.d" -MT"Core/Src/main.o" --specs=nano.specs -mfloat-abi=soft -mthumb -o "Core/Src/main.o"
arm-none-eabi-gcc -o "Project.elf" @"objects.list"   -mcpu=cortex-m3 -T"/home/jamesyoung/Documents/School/ELEC3300-Project/Project/STM32F103VETX_FLASH.ld" --specs=nosys.specs -Wl,-Map="Project.map" -Wl,--gc-sections -static --specs=nano.specs -mfloat-abi=soft -mthumb -Wl,--start-group -lc -lm -Wl,--end-group
Finished building target: Project.elf
 
arm-none-eabi-size   Project.elf 
arm-none-eabi-objdump -h -S  Project.elf  > "Project.list"
   text	   data	    bss	    dec	    hex	filename
 228464	   2516	  51308	 282288	  44eb0	Project.elf
Finished building: default.size.stdout
 
Finished building: Project.list
 
10:11:00 **** Incremental Build of configuration Debug for project Project ****
make -j16 all 
arm-none-eabi-gcc "../Core/Src/main.c" -mcpu=cortex-m3 -std=gnu11 -g3 -DDEBUG -DUSE_HAL_DRIVER -DSTM32F103xE -c -I../Core/Inc -I../Drivers/STM32F1xx_HAL_Driver/Inc -I../Drivers/STM32F1xx_HAL_Driver/Inc/Legacy -I../Drivers/CMSIS/Device/ST/STM32F1xx/Include -I../Drivers/CMSIS/Include -I"/home/jamesyoung/Documents/School/ELEC3300-Project/Project/LCD" -I"/home/jamesyoung/Documents/School/ELEC3300-Project/Project/ESP_Driver" -O1 -ffunction-sections -fdata-sections -Wall -fdata-sections -fstack-usage -MMD -MP -MF"Core/Src/main.d" -MT"Core/Src/main.o" --specs=nano.specs -mfloat-abi=soft -mthumb -o "Core/Src/main.o"
arm-none-eabi-gcc -o "Project.elf" @"objects.list"   -mcpu=cortex-m3 -T"/home/jamesyoung/Documents/School/ELEC3300-Project/Project/STM32F103VETX_FLASH.ld" --specs=nosys.specs -Wl,-Map="Project.map" -Wl,--gc-sections -static --specs=nano.specs -mfloat-abi=soft -mthumb -Wl,--start-group -lc -lm -Wl,--end-group
Finished building target: Project.elf
 
arm-none-eabi-size   Project.elf 
arm-none-eabi-objdump -h -S  Project.elf  > "Project.list"
   text	   data	    bss	    dec	    hex	filename
 228464	   2516	  51308	 282288	  44eb0	Project.elf
Finished building: default.size.stdout
 
Finished building: Project.list
 
10:12:05 **** Incremental Build of configuration Debug for project Project ****
make -j16 all 
arm-none-eabi-gcc "../Core/Src/main.c" -mcpu=cortex-m3 -std=gnu11 -g3 -DDEBUG -DUSE_HAL_DRIVER -DSTM32F103xE -c -I../Core/Inc -I../Drivers/STM32F1xx_HAL_Driver/Inc -I../Drivers/STM32F1xx_HAL_Driver/Inc/Legacy -I../Drivers/CMSIS/Device/ST/STM32F1xx/Include -I../Drivers/CMSIS/Include -I"/home/jamesyoung/Documents/School/ELEC3300-Project/Project/LCD" -I"/home/jamesyoung/Documents/School/ELEC3300-Project/Project/ESP_Driver" -O1 -ffunction-sections -fdata-sections -Wall -fdata-sections -fstack-usage -MMD -MP -MF"Core/Src/main.d" -MT"Core/Src/main.o" --specs=nano.specs -mfloat-abi=soft -mthumb -o "Core/Src/main.o"
arm-none-eabi-gcc -o "Project.elf" @"objects.list"   -mcpu=cortex-m3 -T"/home/jamesyoung/Documents/School/ELEC3300-Project/Project/STM32F103VETX_FLASH.ld" --specs=nosys.specs -Wl,-Map="Project.map" -Wl,--gc-sections -static --specs=nano.specs -mfloat-abi=soft -mthumb -Wl,--start-group -lc -lm -Wl,--end-group
Finished building target: Project.elf
 
arm-none-eabi-size   Project.elf 
arm-none-eabi-objdump -h -S  Project.elf  > "Project.list"
   text	   data	    bss	    dec	    hex	filename
 228752	   2516	  51308	 282576	  44fd0	Project.elf
Finished building: default.size.stdout
 
Finished building: Project.list
 
10:13:34 **** Incremental Build of configuration Debug for project Project ****
make -j16 all 
arm-none-eabi-gcc "../Core/Src/main.c" -mcpu=cortex-m3 -std=gnu11 -g3 -DDEBUG -DUSE_HAL_DRIVER -DSTM32F103xE -c -I../Core/Inc -I../Drivers/STM32F1xx_HAL_Driver/Inc -I../Drivers/STM32F1xx_HAL_Driver/Inc/Legacy -I../Drivers/CMSIS/Device/ST/STM32F1xx/Include -I../Drivers/CMSIS/Include -I"/home/jamesyoung/Documents/School/ELEC3300-Project/Project/LCD" -I"/home/jamesyoung/Documents/School/ELEC3300-Project/Project/ESP_Driver" -O1 -ffunction-sections -fdata-sections -Wall -fdata-sections -fstack-usage -MMD -MP -MF"Core/Src/main.d" -MT"Core/Src/main.o" --specs=nano.specs -mfloat-abi=soft -mthumb -o "Core/Src/main.o"
arm-none-eabi-gcc -o "Project.elf" @"objects.list"   -mcpu=cortex-m3 -T"/home/jamesyoung/Documents/School/ELEC3300-Project/Project/STM32F103VETX_FLASH.ld" --specs=nosys.specs -Wl,-Map="Project.map" -Wl,--gc-sections -static --specs=nano.specs -mfloat-abi=soft -mthumb -Wl,--start-group -lc -lm -Wl,--end-group
Finished building target: Project.elf
 
arm-none-eabi-size   Project.elf 
arm-none-eabi-objdump -h -S  Project.elf  > "Project.list"
   text	   data	    bss	    dec	    hex	filename
 228888	   2516	  51308	 282712	  45058	Project.elf
Finished building: default.size.stdout
 
Finished building: Project.list
 
10:20:21 **** Incremental Build of configuration Debug for project Project ****
make -j16 all 
arm-none-eabi-gcc "../UltraSonic_Sensors/HC_SR04.c" -mcpu=cortex-m3 -std=gnu11 -g3 -DDEBUG -DUSE_HAL_DRIVER -DSTM32F103xE -c -I../Core/Inc -I../Drivers/STM32F1xx_HAL_Driver/Inc -I../Drivers/STM32F1xx_HAL_Driver/Inc/Legacy -I../Drivers/CMSIS/Device/ST/STM32F1xx/Include -I../Drivers/CMSIS/Include -I"/home/jamesyoung/Documents/School/ELEC3300-Project/Project/LCD" -I"/home/jamesyoung/Documents/School/ELEC3300-Project/Project/ESP_Driver" -O1 -ffunction-sections -fdata-sections -Wall -fdata-sections -fstack-usage -MMD -MP -MF"UltraSonic_Sensors/HC_SR04.d" -MT"UltraSonic_Sensors/HC_SR04.o" --specs=nano.specs -mfloat-abi=soft -mthumb -o "UltraSonic_Sensors/HC_SR04.o"
arm-none-eabi-gcc "../Motor_Control/car_movement.c" -mcpu=cortex-m3 -std=gnu11 -g3 -DDEBUG -DUSE_HAL_DRIVER -DSTM32F103xE -c -I../Core/Inc -I../Drivers/STM32F1xx_HAL_Driver/Inc -I../Drivers/STM32F1xx_HAL_Driver/Inc/Legacy -I../Drivers/CMSIS/Device/ST/STM32F1xx/Include -I../Drivers/CMSIS/Include -I"/home/jamesyoung/Documents/School/ELEC3300-Project/Project/LCD" -I"/home/jamesyoung/Documents/School/ELEC3300-Project/Project/ESP_Driver" -O1 -ffunction-sections -fdata-sections -Wall -fdata-sections -fstack-usage -MMD -MP -MF"Motor_Control/car_movement.d" -MT"Motor_Control/car_movement.o" --specs=nano.specs -mfloat-abi=soft -mthumb -o "Motor_Control/car_movement.o"
arm-none-eabi-gcc "../LCD/lvgl/lvgl-v8.3/src/hal/lv_hal_tick.c" -mcpu=cortex-m3 -std=gnu11 -g3 -DDEBUG -DUSE_HAL_DRIVER -DSTM32F103xE -c -I../Core/Inc -I../Drivers/STM32F1xx_HAL_Driver/Inc -I../Drivers/STM32F1xx_HAL_Driver/Inc/Legacy -I../Drivers/CMSIS/Device/ST/STM32F1xx/Include -I../Drivers/CMSIS/Include -I"/home/jamesyoung/Documents/School/ELEC3300-Project/Project/LCD" -I"/home/jamesyoung/Documents/School/ELEC3300-Project/Project/ESP_Driver" -O1 -ffunction-sections -fdata-sections -Wall -fdata-sections -fstack-usage -MMD -MP -MF"LCD/lvgl/lvgl-v8.3/src/hal/lv_hal_tick.d" -MT"LCD/lvgl/lvgl-v8.3/src/hal/lv_hal_tick.o" --specs=nano.specs -mfloat-abi=soft -mthumb -o "LCD/lvgl/lvgl-v8.3/src/hal/lv_hal_tick.o"
arm-none-eabi-gcc "../LCD/lvgl/lv_port_disp.c" -mcpu=cortex-m3 -std=gnu11 -g3 -DDEBUG -DUSE_HAL_DRIVER -DSTM32F103xE -c -I../Core/Inc -I../Drivers/STM32F1xx_HAL_Driver/Inc -I../Drivers/STM32F1xx_HAL_Driver/Inc/Legacy -I../Drivers/CMSIS/Device/ST/STM32F1xx/Include -I../Drivers/CMSIS/Include -I"/home/jamesyoung/Documents/School/ELEC3300-Project/Project/LCD" -I"/home/jamesyoung/Documents/School/ELEC3300-Project/Project/ESP_Driver" -O1 -ffunction-sections -fdata-sections -Wall -fdata-sections -fstack-usage -MMD -MP -MF"LCD/lvgl/lv_port_disp.d" -MT"LCD/lvgl/lv_port_disp.o" --specs=nano.specs -mfloat-abi=soft -mthumb -o "LCD/lvgl/lv_port_disp.o"
arm-none-eabi-gcc "../LCD/lvgl/lv_port_indev.c" -mcpu=cortex-m3 -std=gnu11 -g3 -DDEBUG -DUSE_HAL_DRIVER -DSTM32F103xE -c -I../Core/Inc -I../Drivers/STM32F1xx_HAL_Driver/Inc -I../Drivers/STM32F1xx_HAL_Driver/Inc/Legacy -I../Drivers/CMSIS/Device/ST/STM32F1xx/Include -I../Drivers/CMSIS/Include -I"/home/jamesyoung/Documents/School/ELEC3300-Project/Project/LCD" -I"/home/jamesyoung/Documents/School/ELEC3300-Project/Project/ESP_Driver" -O1 -ffunction-sections -fdata-sections -Wall -fdata-sections -fstack-usage -MMD -MP -MF"LCD/lvgl/lv_port_indev.d" -MT"LCD/lvgl/lv_port_indev.o" --specs=nano.specs -mfloat-abi=soft -mthumb -o "LCD/lvgl/lv_port_indev.o"
arm-none-eabi-gcc "../LCD/lcd_core/fonts.c" -mcpu=cortex-m3 -std=gnu11 -g3 -DDEBUG -DUSE_HAL_DRIVER -DSTM32F103xE -c -I../Core/Inc -I../Drivers/STM32F1xx_HAL_Driver/Inc -I../Drivers/STM32F1xx_HAL_Driver/Inc/Legacy -I../Drivers/CMSIS/Device/ST/STM32F1xx/Include -I../Drivers/CMSIS/Include -I"/home/jamesyoung/Documents/School/ELEC3300-Project/Project/LCD" -I"/home/jamesyoung/Documents/School/ELEC3300-Project/Project/ESP_Driver" -O1 -ffunction-sections -fdata-sections -Wall -fdata-sections -fstack-usage -MMD -MP -MF"LCD/lcd_core/fonts.d" -MT"LCD/lcd_core/fonts.o" --specs=nano.specs -mfloat-abi=soft -mthumb -o "LCD/lcd_core/fonts.o"
arm-none-eabi-gcc "../LCD/lcd_core/ili9341.c" -mcpu=cortex-m3 -std=gnu11 -g3 -DDEBUG -DUSE_HAL_DRIVER -DSTM32F103xE -c -I../Core/Inc -I../Drivers/STM32F1xx_HAL_Driver/Inc -I../Drivers/STM32F1xx_HAL_Driver/Inc/Legacy -I../Drivers/CMSIS/Device/ST/STM32F1xx/Include -I../Drivers/CMSIS/Include -I"/home/jamesyoung/Documents/School/ELEC3300-Project/Project/LCD" -I"/home/jamesyoung/Documents/School/ELEC3300-Project/Project/ESP_Driver" -O1 -ffunction-sections -fdata-sections -Wall -fdata-sections -fstack-usage -MMD -MP -MF"LCD/lcd_core/ili9341.d" -MT"LCD/lcd_core/ili9341.o" --specs=nano.specs -mfloat-abi=soft -mthumb -o "LCD/lcd_core/ili9341.o"
arm-none-eabi-gcc "../LCD/lcd_core/xpt2046.c" -mcpu=cortex-m3 -std=gnu11 -g3 -DDEBUG -DUSE_HAL_DRIVER -DSTM32F103xE -c -I../Core/Inc -I../Drivers/STM32F1xx_HAL_Driver/Inc -I../Drivers/STM32F1xx_HAL_Driver/Inc/Legacy -I../Drivers/CMSIS/Device/ST/STM32F1xx/Include -I../Drivers/CMSIS/Include -I"/home/jamesyoung/Documents/School/ELEC3300-Project/Project/LCD" -I"/home/jamesyoung/Documents/School/ELEC3300-Project/Project/ESP_Driver" -O1 -ffunction-sections -fdata-sections -Wall -fdata-sections -fstack-usage -MMD -MP -MF"LCD/lcd_core/xpt2046.d" -MT"LCD/lcd_core/xpt2046.o" --specs=nano.specs -mfloat-abi=soft -mthumb -o "LCD/lcd_core/xpt2046.o"
arm-none-eabi-gcc "../LCD/gui/menu.c" -mcpu=cortex-m3 -std=gnu11 -g3 -DDEBUG -DUSE_HAL_DRIVER -DSTM32F103xE -c -I../Core/Inc -I../Drivers/STM32F1xx_HAL_Driver/Inc -I../Drivers/STM32F1xx_HAL_Driver/Inc/Legacy -I../Drivers/CMSIS/Device/ST/STM32F1xx/Include -I../Drivers/CMSIS/Include -I"/home/jamesyoung/Documents/School/ELEC3300-Project/Project/LCD" -I"/home/jamesyoung/Documents/School/ELEC3300-Project/Project/ESP_Driver" -O1 -ffunction-sections -fdata-sections -Wall -fdata-sections -fstack-usage -MMD -MP -MF"LCD/gui/menu.d" -MT"LCD/gui/menu.o" --specs=nano.specs -mfloat-abi=soft -mthumb -o "LCD/gui/menu.o"
arm-none-eabi-gcc "../ESP_Driver/esp.c" -mcpu=cortex-m3 -std=gnu11 -g3 -DDEBUG -DUSE_HAL_DRIVER -DSTM32F103xE -c -I../Core/Inc -I../Drivers/STM32F1xx_HAL_Driver/Inc -I../Drivers/STM32F1xx_HAL_Driver/Inc/Legacy -I../Drivers/CMSIS/Device/ST/STM32F1xx/Include -I../Drivers/CMSIS/Include -I"/home/jamesyoung/Documents/School/ELEC3300-Project/Project/LCD" -I"/home/jamesyoung/Documents/School/ELEC3300-Project/Project/ESP_Driver" -O1 -ffunction-sections -fdata-sections -Wall -fdata-sections -fstack-usage -MMD -MP -MF"ESP_Driver/esp.d" -MT"ESP_Driver/esp.o" --specs=nano.specs -mfloat-abi=soft -mthumb -o "ESP_Driver/esp.o"
arm-none-eabi-gcc "../Drivers/STM32F1xx_HAL_Driver/Src/stm32f1xx_hal.c" -mcpu=cortex-m3 -std=gnu11 -g3 -DDEBUG -DUSE_HAL_DRIVER -DSTM32F103xE -c -I../Core/Inc -I../Drivers/STM32F1xx_HAL_Driver/Inc -I../Drivers/STM32F1xx_HAL_Driver/Inc/Legacy -I../Drivers/CMSIS/Device/ST/STM32F1xx/Include -I../Drivers/CMSIS/Include -I"/home/jamesyoung/Documents/School/ELEC3300-Project/Project/LCD" -I"/home/jamesyoung/Documents/School/ELEC3300-Project/Project/ESP_Driver" -O1 -ffunction-sections -fdata-sections -Wall -fdata-sections -fstack-usage -MMD -MP -MF"Drivers/STM32F1xx_HAL_Driver/Src/stm32f1xx_hal.d" -MT"Drivers/STM32F1xx_HAL_Driver/Src/stm32f1xx_hal.o" --specs=nano.specs -mfloat-abi=soft -mthumb -o "Drivers/STM32F1xx_HAL_Driver/Src/stm32f1xx_hal.o"
arm-none-eabi-gcc "../Drivers/STM32F1xx_HAL_Driver/Src/stm32f1xx_hal_cortex.c" -mcpu=cortex-m3 -std=gnu11 -g3 -DDEBUG -DUSE_HAL_DRIVER -DSTM32F103xE -c -I../Core/Inc -I../Drivers/STM32F1xx_HAL_Driver/Inc -I../Drivers/STM32F1xx_HAL_Driver/Inc/Legacy -I../Drivers/CMSIS/Device/ST/STM32F1xx/Include -I../Drivers/CMSIS/Include -I"/home/jamesyoung/Documents/School/ELEC3300-Project/Project/LCD" -I"/home/jamesyoung/Documents/School/ELEC3300-Project/Project/ESP_Driver" -O1 -ffunction-sections -fdata-sections -Wall -fdata-sections -fstack-usage -MMD -MP -MF"Drivers/STM32F1xx_HAL_Driver/Src/stm32f1xx_hal_cortex.d" -MT"Drivers/STM32F1xx_HAL_Driver/Src/stm32f1xx_hal_cortex.o" --specs=nano.specs -mfloat-abi=soft -mthumb -o "Drivers/STM32F1xx_HAL_Driver/Src/stm32f1xx_hal_cortex.o"
arm-none-eabi-gcc "../Drivers/STM32F1xx_HAL_Driver/Src/stm32f1xx_hal_crc.c" -mcpu=cortex-m3 -std=gnu11 -g3 -DDEBUG -DUSE_HAL_DRIVER -DSTM32F103xE -c -I../Core/Inc -I../Drivers/STM32F1xx_HAL_Driver/Inc -I../Drivers/STM32F1xx_HAL_Driver/Inc/Legacy -I../Drivers/CMSIS/Device/ST/STM32F1xx/Include -I../Drivers/CMSIS/Include -I"/home/jamesyoung/Documents/School/ELEC3300-Project/Project/LCD" -I"/home/jamesyoung/Documents/School/ELEC3300-Project/Project/ESP_Driver" -O1 -ffunction-sections -fdata-sections -Wall -fdata-sections -fstack-usage -MMD -MP -MF"Drivers/STM32F1xx_HAL_Driver/Src/stm32f1xx_hal_crc.d" -MT"Drivers/STM32F1xx_HAL_Driver/Src/stm32f1xx_hal_crc.o" --specs=nano.specs -mfloat-abi=soft -mthumb -o "Drivers/STM32F1xx_HAL_Driver/Src/stm32f1xx_hal_crc.o"
arm-none-eabi-gcc "../Drivers/STM32F1xx_HAL_Driver/Src/stm32f1xx_hal_dma.c" -mcpu=cortex-m3 -std=gnu11 -g3 -DDEBUG -DUSE_HAL_DRIVER -DSTM32F103xE -c -I../Core/Inc -I../Drivers/STM32F1xx_HAL_Driver/Inc -I../Drivers/STM32F1xx_HAL_Driver/Inc/Legacy -I../Drivers/CMSIS/Device/ST/STM32F1xx/Include -I../Drivers/CMSIS/Include -I"/home/jamesyoung/Documents/School/ELEC3300-Project/Project/LCD" -I"/home/jamesyoung/Documents/School/ELEC3300-Project/Project/ESP_Driver" -O1 -ffunction-sections -fdata-sections -Wall -fdata-sections -fstack-usage -MMD -MP -MF"Drivers/STM32F1xx_HAL_Driver/Src/stm32f1xx_hal_dma.d" -MT"Drivers/STM32F1xx_HAL_Driver/Src/stm32f1xx_hal_dma.o" --specs=nano.specs -mfloat-abi=soft -mthumb -o "Drivers/STM32F1xx_HAL_Driver/Src/stm32f1xx_hal_dma.o"
arm-none-eabi-gcc "../Drivers/STM32F1xx_HAL_Driver/Src/stm32f1xx_hal_exti.c" -mcpu=cortex-m3 -std=gnu11 -g3 -DDEBUG -DUSE_HAL_DRIVER -DSTM32F103xE -c -I../Core/Inc -I../Drivers/STM32F1xx_HAL_Driver/Inc -I../Drivers/STM32F1xx_HAL_Driver/Inc/Legacy -I../Drivers/CMSIS/Device/ST/STM32F1xx/Include -I../Drivers/CMSIS/Include -I"/home/jamesyoung/Documents/School/ELEC3300-Project/Project/LCD" -I"/home/jamesyoung/Documents/School/ELEC3300-Project/Project/ESP_Driver" -O1 -ffunction-sections -fdata-sections -Wall -fdata-sections -fstack-usage -MMD -MP -MF"Drivers/STM32F1xx_HAL_Driver/Src/stm32f1xx_hal_exti.d" -MT"Drivers/STM32F1xx_HAL_Driver/Src/stm32f1xx_hal_exti.o" --specs=nano.specs -mfloat-abi=soft -mthumb -o "Drivers/STM32F1xx_HAL_Driver/Src/stm32f1xx_hal_exti.o"
arm-none-eabi-gcc "../Drivers/STM32F1xx_HAL_Driver/Src/stm32f1xx_hal_flash.c" -mcpu=cortex-m3 -std=gnu11 -g3 -DDEBUG -DUSE_HAL_DRIVER -DSTM32F103xE -c -I../Core/Inc -I../Drivers/STM32F1xx_HAL_Driver/Inc -I../Drivers/STM32F1xx_HAL_Driver/Inc/Legacy -I../Drivers/CMSIS/Device/ST/STM32F1xx/Include -I../Drivers/CMSIS/Include -I"/home/jamesyoung/Documents/School/ELEC3300-Project/Project/LCD" -I"/home/jamesyoung/Documents/School/ELEC3300-Project/Project/ESP_Driver" -O1 -ffunction-sections -fdata-sections -Wall -fdata-sections -fstack-usage -MMD -MP -MF"Drivers/STM32F1xx_HAL_Driver/Src/stm32f1xx_hal_flash.d" -MT"Drivers/STM32F1xx_HAL_Driver/Src/stm32f1xx_hal_flash.o" --specs=nano.specs -mfloat-abi=soft -mthumb -o "Drivers/STM32F1xx_HAL_Driver/Src/stm32f1xx_hal_flash.o"
arm-none-eabi-gcc "../Drivers/STM32F1xx_HAL_Driver/Src/stm32f1xx_hal_flash_ex.c" -mcpu=cortex-m3 -std=gnu11 -g3 -DDEBUG -DUSE_HAL_DRIVER -DSTM32F103xE -c -I../Core/Inc -I../Drivers/STM32F1xx_HAL_Driver/Inc -I../Drivers/STM32F1xx_HAL_Driver/Inc/Legacy -I../Drivers/CMSIS/Device/ST/STM32F1xx/Include -I../Drivers/CMSIS/Include -I"/home/jamesyoung/Documents/School/ELEC3300-Project/Project/LCD" -I"/home/jamesyoung/Documents/School/ELEC3300-Project/Project/ESP_Driver" -O1 -ffunction-sections -fdata-sections -Wall -fdata-sections -fstack-usage -MMD -MP -MF"Drivers/STM32F1xx_HAL_Driver/Src/stm32f1xx_hal_flash_ex.d" -MT"Drivers/STM32F1xx_HAL_Driver/Src/stm32f1xx_hal_flash_ex.o" --specs=nano.specs -mfloat-abi=soft -mthumb -o "Drivers/STM32F1xx_HAL_Driver/Src/stm32f1xx_hal_flash_ex.o"
arm-none-eabi-gcc "../Drivers/STM32F1xx_HAL_Driver/Src/stm32f1xx_hal_gpio.c" -mcpu=cortex-m3 -std=gnu11 -g3 -DDEBUG -DUSE_HAL_DRIVER -DSTM32F103xE -c -I../Core/Inc -I../Drivers/STM32F1xx_HAL_Driver/Inc -I../Drivers/STM32F1xx_HAL_Driver/Inc/Legacy -I../Drivers/CMSIS/Device/ST/STM32F1xx/Include -I../Drivers/CMSIS/Include -I"/home/jamesyoung/Documents/School/ELEC3300-Project/Project/LCD" -I"/home/jamesyoung/Documents/School/ELEC3300-Project/Project/ESP_Driver" -O1 -ffunction-sections -fdata-sections -Wall -fdata-sections -fstack-usage -MMD -MP -MF"Drivers/STM32F1xx_HAL_Driver/Src/stm32f1xx_hal_gpio.d" -MT"Drivers/STM32F1xx_HAL_Driver/Src/stm32f1xx_hal_gpio.o" --specs=nano.specs -mfloat-abi=soft -mthumb -o "Drivers/STM32F1xx_HAL_Driver/Src/stm32f1xx_hal_gpio.o"
arm-none-eabi-gcc "../Drivers/STM32F1xx_HAL_Driver/Src/stm32f1xx_hal_gpio_ex.c" -mcpu=cortex-m3 -std=gnu11 -g3 -DDEBUG -DUSE_HAL_DRIVER -DSTM32F103xE -c -I../Core/Inc -I../Drivers/STM32F1xx_HAL_Driver/Inc -I../Drivers/STM32F1xx_HAL_Driver/Inc/Legacy -I../Drivers/CMSIS/Device/ST/STM32F1xx/Include -I../Drivers/CMSIS/Include -I"/home/jamesyoung/Documents/School/ELEC3300-Project/Project/LCD" -I"/home/jamesyoung/Documents/School/ELEC3300-Project/Project/ESP_Driver" -O1 -ffunction-sections -fdata-sections -Wall -fdata-sections -fstack-usage -MMD -MP -MF"Drivers/STM32F1xx_HAL_Driver/Src/stm32f1xx_hal_gpio_ex.d" -MT"Drivers/STM32F1xx_HAL_Driver/Src/stm32f1xx_hal_gpio_ex.o" --specs=nano.specs -mfloat-abi=soft -mthumb -o "Drivers/STM32F1xx_HAL_Driver/Src/stm32f1xx_hal_gpio_ex.o"
../LCD/lcd_core/xpt2046.c:22:52: warning: missing braces around initializer [-Wmissing-braces]
   22 | strType_XPT2046_TouchPara strXPT2046_TouchPara[] = {
      |                                                    ^
   23 |  -0.006464,   -0.073259,  280.358032,    0.074878,    0.002052,   -6.545977,//ɨ�跽ʽ0
      |  {                                                                         }
   24 |  0.086314,    0.001891,  -12.836658,   -0.003722,   -0.065799,  254.715714,//ɨ�跽ʽ1
      |  {                                                                        }
   25 |  0.002782,    0.061522,  -11.595689,    0.083393,    0.005159,  -15.650089,//ɨ�跽ʽ2
      |  {                                                                        }
   26 |  0.089743,   -0.000289,  -20.612209,   -0.001374,    0.064451,  -16.054003,//ɨ�跽ʽ3
      |  {                                                                        }
   27 |  0.000767,   -0.068258,  250.891769,   -0.085559,   -0.000195,  334.747650,//ɨ�跽ʽ4
      |  {                                                                        }
   28 |  -0.084744,    0.000047,  323.163147,   -0.002109,   -0.066371,  260.985809,//ɨ�跽ʽ5
      |  {                                                                         }
   29 |  -0.001848,    0.066984,  -12.807136,   -0.084858,   -0.000805,  333.395386,//ɨ�跽ʽ6
      |  {                                                                         }
   30 |  -0.085470,   -0.000876,  334.023163,   -0.003390,    0.064725,   -6.211169,//ɨ�跽ʽ7
      |  {
   31 | };
      | }
../LCD/lcd_core/ili9341.c: In function 'ILI9341_DrawDot':
../LCD/lcd_core/ili9341.c:585:3: warning: implicit declaration of function 'ILI9341_SetCursor' [-Wimplicit-function-declaration]
  585 |   ILI9341_SetCursor ( usX, usY );
      |   ^~~~~~~~~~~~~~~~~
At top level:
../LCD/lcd_core/ili9341.c:9:35: warning: 'Timing' defined but not used [-Wunused-variable]
    9 | static FSMC_NORSRAM_TimingTypeDef Timing;
      |                                   ^~~~~~
../LCD/lcd_core/ili9341.c:8:28: warning: 'SRAM_Handler' defined but not used [-Wunused-variable]
    8 | static SRAM_HandleTypeDef  SRAM_Handler;
      |                            ^~~~~~~~~~~~
../LCD/lvgl/lv_port_disp.c:21:6: warning: #warning Please define or replace the macro MY_DISP_HOR_RES with the actual screen width, default value 320 is used for now. [-Wcpp]
   21 |     #warning Please define or replace the macro MY_DISP_HOR_RES with the actual screen width, default value 320 is used for now.
      |      ^~~~~~~
../LCD/lvgl/lv_port_disp.c:26:6: warning: #warning Please define or replace the macro MY_DISP_HOR_RES with the actual screen height, default value 240 is used for now. [-Wcpp]
   26 |     #warning Please define or replace the macro MY_DISP_HOR_RES with the actual screen height, default value 240 is used for now.
      |      ^~~~~~~
../LCD/lvgl/lv_port_disp.c: In function 'disp_flush':
../LCD/lvgl/lv_port_disp.c:207:21: warning: unused variable 'DMA_status' [-Wunused-variable]
  207 |   HAL_StatusTypeDef DMA_status = HAL_ERROR;
      |                     ^~~~~~~~~~
../LCD/lvgl/lv_port_indev.c: In function 'touchpad_is_pressed':
../LCD/lvgl/lv_port_indev.c:215:57: warning: passing argument 2 of 'XPT2046_Get_TouchedPoint' from incompatible pointer type [-Wincompatible-pointer-types]
  215 |  if( XPT2046_Get_TouchedPoint ( & strDisplayCoordinate, & strXPT2046_TouchPara ))
      |                                                         ^~~~~~~~~~~~~~~~~~~~~~
      |                                                         |
      |                                                         strType_XPT2046_TouchPara (*)[]
In file included from ../LCD/lvgl/lv_port_indev.h:21,
                 from ../LCD/lvgl/lv_port_indev.c:12:
../LCD/lvgl/../lcd_core/xpt2046.h:139:104: note: expected 'strType_XPT2046_TouchPara *' but argument is of type 'strType_XPT2046_TouchPara (*)[]'
  139 | uint8_t XPT2046_Get_TouchedPoint( strType_XPT2046_Coordinate * displayPtr, strType_XPT2046_TouchPara * para );
      |                                                                            ~~~~~~~~~~~~~~~~~~~~~~~~~~~~^~~~
At top level:
../LCD/lvgl/lv_port_indev.c:372:13: warning: 'button_read' defined but not used [-Wunused-function]
  372 | static void button_read(lv_indev_drv_t * indev_drv, lv_indev_data_t * data)
      |             ^~~~~~~~~~~
../LCD/lvgl/lv_port_indev.c:366:13: warning: 'button_init' defined but not used [-Wunused-function]
  366 | static void button_init(void)
      |             ^~~~~~~~~~~
../LCD/lvgl/lv_port_indev.c:353:13: warning: 'encoder_handler' defined but not used [-Wunused-function]
  353 | static void encoder_handler(void)
      |             ^~~~~~~~~~~~~~~
../LCD/lvgl/lv_port_indev.c:345:13: warning: 'encoder_read' defined but not used [-Wunused-function]
  345 | static void encoder_read(lv_indev_drv_t * indev_drv, lv_indev_data_t * data)
      |             ^~~~~~~~~~~~
../LCD/lvgl/lv_port_indev.c:339:13: warning: 'encoder_init' defined but not used [-Wunused-function]
  339 | static void encoder_init(void)
      |             ^~~~~~~~~~~~
../LCD/lvgl/lv_port_indev.c:286:13: warning: 'keypad_read' defined but not used [-Wunused-function]
  286 | static void keypad_read(lv_indev_drv_t * indev_drv, lv_indev_data_t * data)
      |             ^~~~~~~~~~~
../LCD/lvgl/lv_port_indev.c:280:13: warning: 'keypad_init' defined but not used [-Wunused-function]
  280 | static void keypad_init(void)
      |             ^~~~~~~~~~~
../LCD/lvgl/lv_port_indev.c:244:13: warning: 'mouse_read' defined but not used [-Wunused-function]
  244 | static void mouse_read(lv_indev_drv_t * indev_drv, lv_indev_data_t * data)
      |             ^~~~~~~~~~
../LCD/gui/menu.c: In function 'event_handler':
../LCD/gui/menu.c:22:12: warning: passing argument 1 of 'printMode' discards 'const' qualifier from pointer target type [-Wdiscarded-qualifiers]
   22 |  printMode(mode);
      |            ^~~~
In file included from ../LCD/gui/menu.c:1:
../LCD/gui/menu.h:16:22: note: expected 'char *' but argument is of type 'const char *'
   16 | void printMode(char* mode);
      |                ~~~~~~^~~~
../LCD/lvgl/lv_port_indev.c:238:13: warning: 'mouse_init' defined but not used [-Wunused-function]
  238 | static void mouse_init(void)
      |             ^~~~~~~~~~
arm-none-eabi-gcc "../Drivers/STM32F1xx_HAL_Driver/Src/stm32f1xx_hal_pwr.c" -mcpu=cortex-m3 -std=gnu11 -g3 -DDEBUG -DUSE_HAL_DRIVER -DSTM32F103xE -c -I../Core/Inc -I../Drivers/STM32F1xx_HAL_Driver/Inc -I../Drivers/STM32F1xx_HAL_Driver/Inc/Legacy -I../Drivers/CMSIS/Device/ST/STM32F1xx/Include -I../Drivers/CMSIS/Include -I"/home/jamesyoung/Documents/School/ELEC3300-Project/Project/LCD" -I"/home/jamesyoung/Documents/School/ELEC3300-Project/Project/ESP_Driver" -O1 -ffunction-sections -fdata-sections -Wall -fdata-sections -fstack-usage -MMD -MP -MF"Drivers/STM32F1xx_HAL_Driver/Src/stm32f1xx_hal_pwr.d" -MT"Drivers/STM32F1xx_HAL_Driver/Src/stm32f1xx_hal_pwr.o" --specs=nano.specs -mfloat-abi=soft -mthumb -o "Drivers/STM32F1xx_HAL_Driver/Src/stm32f1xx_hal_pwr.o"
arm-none-eabi-gcc "../Drivers/STM32F1xx_HAL_Driver/Src/stm32f1xx_hal_rcc.c" -mcpu=cortex-m3 -std=gnu11 -g3 -DDEBUG -DUSE_HAL_DRIVER -DSTM32F103xE -c -I../Core/Inc -I../Drivers/STM32F1xx_HAL_Driver/Inc -I../Drivers/STM32F1xx_HAL_Driver/Inc/Legacy -I../Drivers/CMSIS/Device/ST/STM32F1xx/Include -I../Drivers/CMSIS/Include -I"/home/jamesyoung/Documents/School/ELEC3300-Project/Project/LCD" -I"/home/jamesyoung/Documents/School/ELEC3300-Project/Project/ESP_Driver" -O1 -ffunction-sections -fdata-sections -Wall -fdata-sections -fstack-usage -MMD -MP -MF"Drivers/STM32F1xx_HAL_Driver/Src/stm32f1xx_hal_rcc.d" -MT"Drivers/STM32F1xx_HAL_Driver/Src/stm32f1xx_hal_rcc.o" --specs=nano.specs -mfloat-abi=soft -mthumb -o "Drivers/STM32F1xx_HAL_Driver/Src/stm32f1xx_hal_rcc.o"
arm-none-eabi-gcc "../Drivers/STM32F1xx_HAL_Driver/Src/stm32f1xx_hal_rcc_ex.c" -mcpu=cortex-m3 -std=gnu11 -g3 -DDEBUG -DUSE_HAL_DRIVER -DSTM32F103xE -c -I../Core/Inc -I../Drivers/STM32F1xx_HAL_Driver/Inc -I../Drivers/STM32F1xx_HAL_Driver/Inc/Legacy -I../Drivers/CMSIS/Device/ST/STM32F1xx/Include -I../Drivers/CMSIS/Include -I"/home/jamesyoung/Documents/School/ELEC3300-Project/Project/LCD" -I"/home/jamesyoung/Documents/School/ELEC3300-Project/Project/ESP_Driver" -O1 -ffunction-sections -fdata-sections -Wall -fdata-sections -fstack-usage -MMD -MP -MF"Drivers/STM32F1xx_HAL_Driver/Src/stm32f1xx_hal_rcc_ex.d" -MT"Drivers/STM32F1xx_HAL_Driver/Src/stm32f1xx_hal_rcc_ex.o" --specs=nano.specs -mfloat-abi=soft -mthumb -o "Drivers/STM32F1xx_HAL_Driver/Src/stm32f1xx_hal_rcc_ex.o"
arm-none-eabi-gcc "../Drivers/STM32F1xx_HAL_Driver/Src/stm32f1xx_hal_sram.c" -mcpu=cortex-m3 -std=gnu11 -g3 -DDEBUG -DUSE_HAL_DRIVER -DSTM32F103xE -c -I../Core/Inc -I../Drivers/STM32F1xx_HAL_Driver/Inc -I../Drivers/STM32F1xx_HAL_Driver/Inc/Legacy -I../Drivers/CMSIS/Device/ST/STM32F1xx/Include -I../Drivers/CMSIS/Include -I"/home/jamesyoung/Documents/School/ELEC3300-Project/Project/LCD" -I"/home/jamesyoung/Documents/School/ELEC3300-Project/Project/ESP_Driver" -O1 -ffunction-sections -fdata-sections -Wall -fdata-sections -fstack-usage -MMD -MP -MF"Drivers/STM32F1xx_HAL_Driver/Src/stm32f1xx_hal_sram.d" -MT"Drivers/STM32F1xx_HAL_Driver/Src/stm32f1xx_hal_sram.o" --specs=nano.specs -mfloat-abi=soft -mthumb -o "Drivers/STM32F1xx_HAL_Driver/Src/stm32f1xx_hal_sram.o"
arm-none-eabi-gcc "../Drivers/STM32F1xx_HAL_Driver/Src/stm32f1xx_hal_tim.c" -mcpu=cortex-m3 -std=gnu11 -g3 -DDEBUG -DUSE_HAL_DRIVER -DSTM32F103xE -c -I../Core/Inc -I../Drivers/STM32F1xx_HAL_Driver/Inc -I../Drivers/STM32F1xx_HAL_Driver/Inc/Legacy -I../Drivers/CMSIS/Device/ST/STM32F1xx/Include -I../Drivers/CMSIS/Include -I"/home/jamesyoung/Documents/School/ELEC3300-Project/Project/LCD" -I"/home/jamesyoung/Documents/School/ELEC3300-Project/Project/ESP_Driver" -O1 -ffunction-sections -fdata-sections -Wall -fdata-sections -fstack-usage -MMD -MP -MF"Drivers/STM32F1xx_HAL_Driver/Src/stm32f1xx_hal_tim.d" -MT"Drivers/STM32F1xx_HAL_Driver/Src/stm32f1xx_hal_tim.o" --specs=nano.specs -mfloat-abi=soft -mthumb -o "Drivers/STM32F1xx_HAL_Driver/Src/stm32f1xx_hal_tim.o"
arm-none-eabi-gcc "../Drivers/STM32F1xx_HAL_Driver/Src/stm32f1xx_hal_tim_ex.c" -mcpu=cortex-m3 -std=gnu11 -g3 -DDEBUG -DUSE_HAL_DRIVER -DSTM32F103xE -c -I../Core/Inc -I../Drivers/STM32F1xx_HAL_Driver/Inc -I../Drivers/STM32F1xx_HAL_Driver/Inc/Legacy -I../Drivers/CMSIS/Device/ST/STM32F1xx/Include -I../Drivers/CMSIS/Include -I"/home/jamesyoung/Documents/School/ELEC3300-Project/Project/LCD" -I"/home/jamesyoung/Documents/School/ELEC3300-Project/Project/ESP_Driver" -O1 -ffunction-sections -fdata-sections -Wall -fdata-sections -fstack-usage -MMD -MP -MF"Drivers/STM32F1xx_HAL_Driver/Src/stm32f1xx_hal_tim_ex.d" -MT"Drivers/STM32F1xx_HAL_Driver/Src/stm32f1xx_hal_tim_ex.o" --specs=nano.specs -mfloat-abi=soft -mthumb -o "Drivers/STM32F1xx_HAL_Driver/Src/stm32f1xx_hal_tim_ex.o"
arm-none-eabi-gcc "../Drivers/STM32F1xx_HAL_Driver/Src/stm32f1xx_hal_uart.c" -mcpu=cortex-m3 -std=gnu11 -g3 -DDEBUG -DUSE_HAL_DRIVER -DSTM32F103xE -c -I../Core/Inc -I../Drivers/STM32F1xx_HAL_Driver/Inc -I../Drivers/STM32F1xx_HAL_Driver/Inc/Legacy -I../Drivers/CMSIS/Device/ST/STM32F1xx/Include -I../Drivers/CMSIS/Include -I"/home/jamesyoung/Documents/School/ELEC3300-Project/Project/LCD" -I"/home/jamesyoung/Documents/School/ELEC3300-Project/Project/ESP_Driver" -O1 -ffunction-sections -fdata-sections -Wall -fdata-sections -fstack-usage -MMD -MP -MF"Drivers/STM32F1xx_HAL_Driver/Src/stm32f1xx_hal_uart.d" -MT"Drivers/STM32F1xx_HAL_Driver/Src/stm32f1xx_hal_uart.o" --specs=nano.specs -mfloat-abi=soft -mthumb -o "Drivers/STM32F1xx_HAL_Driver/Src/stm32f1xx_hal_uart.o"
arm-none-eabi-gcc "../Drivers/STM32F1xx_HAL_Driver/Src/stm32f1xx_ll_fsmc.c" -mcpu=cortex-m3 -std=gnu11 -g3 -DDEBUG -DUSE_HAL_DRIVER -DSTM32F103xE -c -I../Core/Inc -I../Drivers/STM32F1xx_HAL_Driver/Inc -I../Drivers/STM32F1xx_HAL_Driver/Inc/Legacy -I../Drivers/CMSIS/Device/ST/STM32F1xx/Include -I../Drivers/CMSIS/Include -I"/home/jamesyoung/Documents/School/ELEC3300-Project/Project/LCD" -I"/home/jamesyoung/Documents/School/ELEC3300-Project/Project/ESP_Driver" -O1 -ffunction-sections -fdata-sections -Wall -fdata-sections -fstack-usage -MMD -MP -MF"Drivers/STM32F1xx_HAL_Driver/Src/stm32f1xx_ll_fsmc.d" -MT"Drivers/STM32F1xx_HAL_Driver/Src/stm32f1xx_ll_fsmc.o" --specs=nano.specs -mfloat-abi=soft -mthumb -o "Drivers/STM32F1xx_HAL_Driver/Src/stm32f1xx_ll_fsmc.o"
arm-none-eabi-gcc "../Core/Src/main.c" -mcpu=cortex-m3 -std=gnu11 -g3 -DDEBUG -DUSE_HAL_DRIVER -DSTM32F103xE -c -I../Core/Inc -I../Drivers/STM32F1xx_HAL_Driver/Inc -I../Drivers/STM32F1xx_HAL_Driver/Inc/Legacy -I../Drivers/CMSIS/Device/ST/STM32F1xx/Include -I../Drivers/CMSIS/Include -I"/home/jamesyoung/Documents/School/ELEC3300-Project/Project/LCD" -I"/home/jamesyoung/Documents/School/ELEC3300-Project/Project/ESP_Driver" -O1 -ffunction-sections -fdata-sections -Wall -fdata-sections -fstack-usage -MMD -MP -MF"Core/Src/main.d" -MT"Core/Src/main.o" --specs=nano.specs -mfloat-abi=soft -mthumb -o "Core/Src/main.o"
arm-none-eabi-gcc "../Core/Src/stm32f1xx_hal_msp.c" -mcpu=cortex-m3 -std=gnu11 -g3 -DDEBUG -DUSE_HAL_DRIVER -DSTM32F103xE -c -I../Core/Inc -I../Drivers/STM32F1xx_HAL_Driver/Inc -I../Drivers/STM32F1xx_HAL_Driver/Inc/Legacy -I../Drivers/CMSIS/Device/ST/STM32F1xx/Include -I../Drivers/CMSIS/Include -I"/home/jamesyoung/Documents/School/ELEC3300-Project/Project/LCD" -I"/home/jamesyoung/Documents/School/ELEC3300-Project/Project/ESP_Driver" -O1 -ffunction-sections -fdata-sections -Wall -fdata-sections -fstack-usage -MMD -MP -MF"Core/Src/stm32f1xx_hal_msp.d" -MT"Core/Src/stm32f1xx_hal_msp.o" --specs=nano.specs -mfloat-abi=soft -mthumb -o "Core/Src/stm32f1xx_hal_msp.o"
arm-none-eabi-gcc "../Core/Src/stm32f1xx_it.c" -mcpu=cortex-m3 -std=gnu11 -g3 -DDEBUG -DUSE_HAL_DRIVER -DSTM32F103xE -c -I../Core/Inc -I../Drivers/STM32F1xx_HAL_Driver/Inc -I../Drivers/STM32F1xx_HAL_Driver/Inc/Legacy -I../Drivers/CMSIS/Device/ST/STM32F1xx/Include -I../Drivers/CMSIS/Include -I"/home/jamesyoung/Documents/School/ELEC3300-Project/Project/LCD" -I"/home/jamesyoung/Documents/School/ELEC3300-Project/Project/ESP_Driver" -O1 -ffunction-sections -fdata-sections -Wall -fdata-sections -fstack-usage -MMD -MP -MF"Core/Src/stm32f1xx_it.d" -MT"Core/Src/stm32f1xx_it.o" --specs=nano.specs -mfloat-abi=soft -mthumb -o "Core/Src/stm32f1xx_it.o"
arm-none-eabi-gcc "../Core/Src/system_stm32f1xx.c" -mcpu=cortex-m3 -std=gnu11 -g3 -DDEBUG -DUSE_HAL_DRIVER -DSTM32F103xE -c -I../Core/Inc -I../Drivers/STM32F1xx_HAL_Driver/Inc -I../Drivers/STM32F1xx_HAL_Driver/Inc/Legacy -I../Drivers/CMSIS/Device/ST/STM32F1xx/Include -I../Drivers/CMSIS/Include -I"/home/jamesyoung/Documents/School/ELEC3300-Project/Project/LCD" -I"/home/jamesyoung/Documents/School/ELEC3300-Project/Project/ESP_Driver" -O1 -ffunction-sections -fdata-sections -Wall -fdata-sections -fstack-usage -MMD -MP -MF"Core/Src/system_stm32f1xx.d" -MT"Core/Src/system_stm32f1xx.o" --specs=nano.specs -mfloat-abi=soft -mthumb -o "Core/Src/system_stm32f1xx.o"
arm-none-eabi-gcc -o "Project.elf" @"objects.list"   -mcpu=cortex-m3 -T"/home/jamesyoung/Documents/School/ELEC3300-Project/Project/STM32F103VETX_FLASH.ld" --specs=nosys.specs -Wl,-Map="Project.map" -Wl,--gc-sections -static --specs=nano.specs -mfloat-abi=soft -mthumb -Wl,--start-group -lc -lm -Wl,--end-group
Finished building target: Project.elf
 
arm-none-eabi-size   Project.elf 
arm-none-eabi-objdump -h -S  Project.elf  > "Project.list"
   text	   data	    bss	    dec	    hex	filename
 228896	   2516	  51308	 282720	  45060	Project.elf
Finished building: default.size.stdout
 
Finished building: Project.list
 
11:29:54 **** Incremental Build of configuration Debug for project Project ****
make -j16 all 
arm-none-eabi-gcc "../Motor_Control/car_movement.c" -mcpu=cortex-m3 -std=gnu11 -g3 -DDEBUG -DUSE_HAL_DRIVER -DSTM32F103xE -c -I../Core/Inc -I../Drivers/STM32F1xx_HAL_Driver/Inc -I../Drivers/STM32F1xx_HAL_Driver/Inc/Legacy -I../Drivers/CMSIS/Device/ST/STM32F1xx/Include -I../Drivers/CMSIS/Include -I"/home/jamesyoung/Documents/School/ELEC3300-Project/Project/LCD" -I"/home/jamesyoung/Documents/School/ELEC3300-Project/Project/ESP_Driver" -O1 -ffunction-sections -fdata-sections -Wall -fdata-sections -fstack-usage -MMD -MP -MF"Motor_Control/car_movement.d" -MT"Motor_Control/car_movement.o" --specs=nano.specs -mfloat-abi=soft -mthumb -o "Motor_Control/car_movement.o"
arm-none-eabi-gcc "../LCD/lvgl/lv_port_disp.c" -mcpu=cortex-m3 -std=gnu11 -g3 -DDEBUG -DUSE_HAL_DRIVER -DSTM32F103xE -c -I../Core/Inc -I../Drivers/STM32F1xx_HAL_Driver/Inc -I../Drivers/STM32F1xx_HAL_Driver/Inc/Legacy -I../Drivers/CMSIS/Device/ST/STM32F1xx/Include -I../Drivers/CMSIS/Include -I"/home/jamesyoung/Documents/School/ELEC3300-Project/Project/LCD" -I"/home/jamesyoung/Documents/School/ELEC3300-Project/Project/ESP_Driver" -O1 -ffunction-sections -fdata-sections -Wall -fdata-sections -fstack-usage -MMD -MP -MF"LCD/lvgl/lv_port_disp.d" -MT"LCD/lvgl/lv_port_disp.o" --specs=nano.specs -mfloat-abi=soft -mthumb -o "LCD/lvgl/lv_port_disp.o"
arm-none-eabi-gcc "../LCD/gui/menu.c" -mcpu=cortex-m3 -std=gnu11 -g3 -DDEBUG -DUSE_HAL_DRIVER -DSTM32F103xE -c -I../Core/Inc -I../Drivers/STM32F1xx_HAL_Driver/Inc -I../Drivers/STM32F1xx_HAL_Driver/Inc/Legacy -I../Drivers/CMSIS/Device/ST/STM32F1xx/Include -I../Drivers/CMSIS/Include -I"/home/jamesyoung/Documents/School/ELEC3300-Project/Project/LCD" -I"/home/jamesyoung/Documents/School/ELEC3300-Project/Project/ESP_Driver" -O1 -ffunction-sections -fdata-sections -Wall -fdata-sections -fstack-usage -MMD -MP -MF"LCD/gui/menu.d" -MT"LCD/gui/menu.o" --specs=nano.specs -mfloat-abi=soft -mthumb -o "LCD/gui/menu.o"
arm-none-eabi-gcc "../ESP_Driver/esp.c" -mcpu=cortex-m3 -std=gnu11 -g3 -DDEBUG -DUSE_HAL_DRIVER -DSTM32F103xE -c -I../Core/Inc -I../Drivers/STM32F1xx_HAL_Driver/Inc -I../Drivers/STM32F1xx_HAL_Driver/Inc/Legacy -I../Drivers/CMSIS/Device/ST/STM32F1xx/Include -I../Drivers/CMSIS/Include -I"/home/jamesyoung/Documents/School/ELEC3300-Project/Project/LCD" -I"/home/jamesyoung/Documents/School/ELEC3300-Project/Project/ESP_Driver" -O1 -ffunction-sections -fdata-sections -Wall -fdata-sections -fstack-usage -MMD -MP -MF"ESP_Driver/esp.d" -MT"ESP_Driver/esp.o" --specs=nano.specs -mfloat-abi=soft -mthumb -o "ESP_Driver/esp.o"
arm-none-eabi-gcc "../Core/Src/main.c" -mcpu=cortex-m3 -std=gnu11 -g3 -DDEBUG -DUSE_HAL_DRIVER -DSTM32F103xE -c -I../Core/Inc -I../Drivers/STM32F1xx_HAL_Driver/Inc -I../Drivers/STM32F1xx_HAL_Driver/Inc/Legacy -I../Drivers/CMSIS/Device/ST/STM32F1xx/Include -I../Drivers/CMSIS/Include -I"/home/jamesyoung/Documents/School/ELEC3300-Project/Project/LCD" -I"/home/jamesyoung/Documents/School/ELEC3300-Project/Project/ESP_Driver" -O1 -ffunction-sections -fdata-sections -Wall -fdata-sections -fstack-usage -MMD -MP -MF"Core/Src/main.d" -MT"Core/Src/main.o" --specs=nano.specs -mfloat-abi=soft -mthumb -o "Core/Src/main.o"
../LCD/lvgl/lv_port_disp.c:21:6: warning: #warning Please define or replace the macro MY_DISP_HOR_RES with the actual screen width, default value 320 is used for now. [-Wcpp]
   21 |     #warning Please define or replace the macro MY_DISP_HOR_RES with the actual screen width, default value 320 is used for now.
      |      ^~~~~~~
../LCD/lvgl/lv_port_disp.c:26:6: warning: #warning Please define or replace the macro MY_DISP_HOR_RES with the actual screen height, default value 240 is used for now. [-Wcpp]
   26 |     #warning Please define or replace the macro MY_DISP_HOR_RES with the actual screen height, default value 240 is used for now.
      |      ^~~~~~~
../LCD/lvgl/lv_port_disp.c: In function 'disp_flush':
../LCD/lvgl/lv_port_disp.c:207:21: warning: unused variable 'DMA_status' [-Wunused-variable]
  207 |   HAL_StatusTypeDef DMA_status = HAL_ERROR;
      |                     ^~~~~~~~~~
../LCD/gui/menu.c: In function 'event_handler':
../LCD/gui/menu.c:22:12: warning: passing argument 1 of 'printMode' discards 'const' qualifier from pointer target type [-Wdiscarded-qualifiers]
   22 |  printMode(mode);
      |            ^~~~
In file included from ../LCD/gui/menu.c:1:
../LCD/gui/menu.h:16:22: note: expected 'char *' but argument is of type 'const char *'
   16 | void printMode(char* mode);
      |                ~~~~~~^~~~
arm-none-eabi-gcc -o "Project.elf" @"objects.list"   -mcpu=cortex-m3 -T"/home/jamesyoung/Documents/School/ELEC3300-Project/Project/STM32F103VETX_FLASH.ld" --specs=nosys.specs -Wl,-Map="Project.map" -Wl,--gc-sections -static --specs=nano.specs -mfloat-abi=soft -mthumb -Wl,--start-group -lc -lm -Wl,--end-group
Finished building target: Project.elf
 
arm-none-eabi-size   Project.elf 
arm-none-eabi-objdump -h -S  Project.elf  > "Project.list"
   text	   data	    bss	    dec	    hex	filename
 228928	   2516	  51308	 282752	  45080	Project.elf
Finished building: default.size.stdout
 
Finished building: Project.list
 
11:35:04 **** Incremental Build of configuration Debug for project Project ****
make -j16 all 
arm-none-eabi-size   Project.elf 
   text	   data	    bss	    dec	    hex	filename
 228928	   2516	  51308	 282752	  45080	Project.elf
Finished building: default.size.stdout
 
