../Core/Src/stm32f1xx_hal_msp.c:66:6:HAL_MspInit	8	static
../Core/Src/stm32f1xx_hal_msp.c:92:6:HAL_CRC_MspInit	8	static
../Core/Src/stm32f1xx_hal_msp.c:114:6:HAL_CRC_MspDeInit	0	static
../Core/Src/stm32f1xx_hal_msp.c:136:6:HAL_TIM_Base_MspInit	24	static
../Core/Src/stm32f1xx_hal_msp.c:189:6:HAL_TIM_Base_MspDeInit	8	static
../Core/Src/stm32f1xx_hal_msp.c:242:6:HAL_UART_MspInit	40	static
../Core/Src/stm32f1xx_hal_msp.c:317:6:HAL_UART_MspDeInit	8	static
../Core/Src/stm32f1xx_hal_msp.c:402:6:HAL_SRAM_MspInit	40	static
../Core/Src/stm32f1xx_hal_msp.c:460:6:HAL_SRAM_MspDeInit	8	static
