../Core/Src/stm32f1xx_hal_msp.c:66:6:HAL_MspInit	8	static
../Core/Src/stm32f1xx_hal_msp.c:92:6:HAL_CRC_MspInit	8	static
../Core/Src/stm32f1xx_hal_msp.c:114:6:HAL_CRC_MspDeInit	0	static
../Core/Src/stm32f1xx_hal_msp.c:136:6:HAL_TIM_Base_MspInit	16	static
../Core/Src/stm32f1xx_hal_msp.c:175:6:HAL_TIM_Base_MspDeInit	8	static
../Core/Src/stm32f1xx_hal_msp.c:214:6:HAL_UART_MspInit	48	static
../Core/Src/stm32f1xx_hal_msp.c:316:6:HAL_UART_MspDeInit	8	static
../Core/Src/stm32f1xx_hal_msp.c:419:6:HAL_SRAM_MspInit	40	static
../Core/Src/stm32f1xx_hal_msp.c:477:6:HAL_SRAM_MspDeInit	8	static
