../LCD/lvgl/lvgl-v8.3/src/draw/sw/lv_draw_sw_gradient.c:110:17:find_oldest_item_life	0	static
../LCD/lvgl/lvgl-v8.3/src/draw/sw/lv_draw_sw_gradient.c:151:17:find_item	0	static
../LCD/lvgl/lvgl-v8.3/src/draw/sw/lv_draw_sw_gradient.c:97:17:iterate_cache	32	static
../LCD/lvgl/lvgl-v8.3/src/draw/sw/lv_draw_sw_gradient.c:140:17:kill_oldest_item	24	static
../LCD/lvgl/lvgl-v8.3/src/draw/sw/lv_draw_sw_gradient.c:235:6:lv_gradient_free_cache	8	static
../LCD/lvgl/lvgl-v8.3/src/draw/sw/lv_draw_sw_gradient.c:242:6:lv_gradient_set_cache_size	16	static
../LCD/lvgl/lvgl-v8.3/src/draw/sw/lv_draw_sw_gradient.c:296:39:lv_gradient_calculate	16	static
../LCD/lvgl/lvgl-v8.3/src/draw/sw/lv_draw_sw_gradient.c:251:13:lv_gradient_get	56	static
../LCD/lvgl/lvgl-v8.3/src/draw/sw/lv_draw_sw_gradient.c:341:6:lv_gradient_cleanup	8	static
