../Motor_Control/car_movement.c:4:6:moveRight	8	static
../Motor_Control/car_movement.c:19:6:moveLeft	8	static
../Motor_Control/car_movement.c:34:6:moveForward	8	static
../Motor_Control/car_movement.c:49:6:moveBackward	8	static
../Motor_Control/car_movement.c:64:6:stopMovement	8	static
../Motor_Control/car_movement.c:81:6:moveBackwardLeft	8	static
../Motor_Control/car_movement.c:96:6:moveBackwardRight	8	static
../Motor_Control/car_movement.c:112:6:moveForwardRight	8	static
../Motor_Control/car_movement.c:128:6:moveForwardLeft	8	static
